Component: Arm Compiler for Embedded 6.24 Tool: armlink [5f371500]

==============================================================================

Section Cross References

    startup_apm32f10x_hd.o(STACK) refers (Special) to heapauxi.o(.text) for __use_two_region_memory
    startup_apm32f10x_hd.o(HEAP) refers (Special) to heapauxi.o(.text) for __use_two_region_memory
    startup_apm32f10x_hd.o(RESET) refers (Special) to heapauxi.o(.text) for __use_two_region_memory
    startup_apm32f10x_hd.o(RESET) refers to startup_apm32f10x_hd.o(STACK) for __initial_sp
    startup_apm32f10x_hd.o(RESET) refers to startup_apm32f10x_hd.o(.text) for Reset_Handler
    startup_apm32f10x_hd.o(RESET) refers to apm32f10x_int.o(.text.NMI_Handler) for NMI_Handler
    startup_apm32f10x_hd.o(RESET) refers to apm32f10x_int.o(.text.HardFault_Handler) for HardFault_Handler
    startup_apm32f10x_hd.o(RESET) refers to apm32f10x_int.o(.text.MemManage_Handler) for MemManage_Handler
    startup_apm32f10x_hd.o(RESET) refers to apm32f10x_int.o(.text.BusFault_Handler) for BusFault_Handler
    startup_apm32f10x_hd.o(RESET) refers to apm32f10x_int.o(.text.UsageFault_Handler) for UsageFault_Handler
    startup_apm32f10x_hd.o(RESET) refers to port.o(.text.SVC_Handler) for SVC_Handler
    startup_apm32f10x_hd.o(RESET) refers to apm32f10x_int.o(.text.DebugMon_Handler) for DebugMon_Handler
    startup_apm32f10x_hd.o(RESET) refers to port.o(.text.PendSV_Handler) for PendSV_Handler
    startup_apm32f10x_hd.o(RESET) refers to port.o(.text.SysTick_Handler) for SysTick_Handler
    startup_apm32f10x_hd.o(RESET) refers to bsp_adc.o(.text.DMA1_Channel1_IRQHandler) for DMA1_Channel1_IRQHandler
    startup_apm32f10x_hd.o(RESET) refers to bsp_uart.o(.text.DMA1_Channel4_IRQHandler) for DMA1_Channel4_IRQHandler
    startup_apm32f10x_hd.o(RESET) refers to bsp_irq.o(.text.EINT9_5_IRQHandler) for EINT9_5_IRQHandler
    startup_apm32f10x_hd.o(RESET) refers to bsp_pwm.o(.text.TMR1_UP_IRQHandler) for TMR1_UP_IRQHandler
    startup_apm32f10x_hd.o(RESET) refers to bsp_timer.o(.text.TMR2_IRQHandler) for TMR2_IRQHandler
    startup_apm32f10x_hd.o(RESET) refers to bsp_pwm.o(.text.TMR3_IRQHandler) for TMR3_IRQHandler
    startup_apm32f10x_hd.o(.text) refers (Special) to heapauxi.o(.text) for __use_two_region_memory
    startup_apm32f10x_hd.o(.text) refers to system_apm32f10x.o(.text.SystemInit) for SystemInit
    startup_apm32f10x_hd.o(.text) refers to __main.o(!!!main) for __main
    startup_apm32f10x_hd.o(.text) refers to startup_apm32f10x_hd.o(HEAP) for Heap_Mem
    startup_apm32f10x_hd.o(.text) refers to startup_apm32f10x_hd.o(STACK) for Stack_Mem
    apm32f10x_adc.o(.text.ADC_Reset) refers to apm32f10x_rcm.o(.text.RCM_EnableAPB2PeriphReset) for RCM_EnableAPB2PeriphReset
    apm32f10x_adc.o(.text.ADC_Reset) refers to apm32f10x_rcm.o(.text.RCM_DisableAPB2PeriphReset) for RCM_DisableAPB2PeriphReset
    apm32f10x_adc.o(.ARM.exidx.text.ADC_Reset) refers to apm32f10x_adc.o(.text.ADC_Reset) for [Anonymous Symbol]
    apm32f10x_adc.o(.ARM.exidx.text.ADC_Config) refers to apm32f10x_adc.o(.text.ADC_Config) for [Anonymous Symbol]
    apm32f10x_adc.o(.ARM.exidx.text.ADC_ConfigStructInit) refers to apm32f10x_adc.o(.text.ADC_ConfigStructInit) for [Anonymous Symbol]
    apm32f10x_adc.o(.ARM.exidx.text.ADC_Enable) refers to apm32f10x_adc.o(.text.ADC_Enable) for [Anonymous Symbol]
    apm32f10x_adc.o(.ARM.exidx.text.ADC_Disable) refers to apm32f10x_adc.o(.text.ADC_Disable) for [Anonymous Symbol]
    apm32f10x_adc.o(.ARM.exidx.text.ADC_EnableDMA) refers to apm32f10x_adc.o(.text.ADC_EnableDMA) for [Anonymous Symbol]
    apm32f10x_adc.o(.ARM.exidx.text.ADC_DisableDMA) refers to apm32f10x_adc.o(.text.ADC_DisableDMA) for [Anonymous Symbol]
    apm32f10x_adc.o(.ARM.exidx.text.ADC_ResetCalibration) refers to apm32f10x_adc.o(.text.ADC_ResetCalibration) for [Anonymous Symbol]
    apm32f10x_adc.o(.ARM.exidx.text.ADC_ReadResetCalibrationStatus) refers to apm32f10x_adc.o(.text.ADC_ReadResetCalibrationStatus) for [Anonymous Symbol]
    apm32f10x_adc.o(.ARM.exidx.text.ADC_StartCalibration) refers to apm32f10x_adc.o(.text.ADC_StartCalibration) for [Anonymous Symbol]
    apm32f10x_adc.o(.ARM.exidx.text.ADC_ReadCalibrationStartFlag) refers to apm32f10x_adc.o(.text.ADC_ReadCalibrationStartFlag) for [Anonymous Symbol]
    apm32f10x_adc.o(.ARM.exidx.text.ADC_EnableSoftwareStartConv) refers to apm32f10x_adc.o(.text.ADC_EnableSoftwareStartConv) for [Anonymous Symbol]
    apm32f10x_adc.o(.ARM.exidx.text.ADC_DisableSoftwareStartConv) refers to apm32f10x_adc.o(.text.ADC_DisableSoftwareStartConv) for [Anonymous Symbol]
    apm32f10x_adc.o(.ARM.exidx.text.ADC_ReadSoftwareStartConvStatus) refers to apm32f10x_adc.o(.text.ADC_ReadSoftwareStartConvStatus) for [Anonymous Symbol]
    apm32f10x_adc.o(.ARM.exidx.text.ADC_ConfigDiscMode) refers to apm32f10x_adc.o(.text.ADC_ConfigDiscMode) for [Anonymous Symbol]
[...]
    USART_Enable                             0x08002629   Thumb Code    10  apm32f10x_usart.o(.text.USART_Enable)
    USART_EnableDMA                          0x08002635   Thumb Code     8  apm32f10x_usart.o(.text.USART_EnableDMA)
    UsageFault_Handler                       0x0800263d   Thumb Code     2  apm32f10x_int.o(.text.UsageFault_Handler)
    app_10ms_task                            0x08002641   Thumb Code    30  freertos_task.o(.text.app_10ms_task)
    app_1ms_task                             0x08002661   Thumb Code    98  freertos_task.o(.text.app_1ms_task)
    bsp_Qc_Init                              0x080026c5   Thumb Code    94  bsp_qc.o(.text.bsp_Qc_Init)
    bsp_Qc_Inveigle_12V                      0x08002725   Thumb Code   226  bsp_qc.o(.text.bsp_Qc_Inveigle_12V)
    bsp_Qc_Inveigle_9V                       0x08002809   Thumb Code    98  bsp_qc.o(.text.bsp_Qc_Inveigle_9V)
    bsp_adc_fast_config                      0x0800286d   Thumb Code   176  bsp_adc.o(.text.bsp_adc_fast_config)
    bsp_adc_get_clock                        0x0800291d   Thumb Code    32  bsp_adc.o(.text.bsp_adc_get_clock)
    bsp_adc_get_continue_data                0x0800293d   Thumb Code   124  bsp_adc.o(.text.bsp_adc_get_continue_data)
    bsp_adc_get_value                        0x080029b9   Thumb Code    88  bsp_adc.o(.text.bsp_adc_get_value)
    bsp_adc_init                             0x08002a11   Thumb Code   120  bsp_adc.o(.text.bsp_adc_init)
    bsp_adc_slow_config                      0x08002a89   Thumb Code   232  bsp_adc.o(.text.bsp_adc_slow_config)
    bsp_adc_switch_group                     0x08002b71   Thumb Code   230  bsp_adc.o(.text.bsp_adc_switch_group)
    bsp_irq_enable                           0x08002c59   Thumb Code    28  bsp_irq.o(.text.bsp_irq_enable)
    bsp_irq_init                             0x08002c75   Thumb Code    70  bsp_irq.o(.text.bsp_irq_init)
    bsp_irq_set_callback                     0x08002cbd   Thumb Code    12  bsp_irq.o(.text.bsp_irq_set_callback)
    bsp_pwm_enable                           0x08002cc9   Thumb Code    40  bsp_pwm.o(.text.bsp_pwm_enable)
    bsp_pwm_get_arr                          0x08002cf1   Thumb Code    14  bsp_pwm.o(.text.bsp_pwm_get_arr)
    bsp_pwm_get_clock                        0x08002d01   Thumb Code    10  bsp_pwm.o(.text.bsp_pwm_get_clock)
    bsp_pwm_init                             0x08002d0d   Thumb Code   318  bsp_pwm.o(.text.bsp_pwm_init)
    bsp_pwm_set_arr                          0x08002e4d   Thumb Code    12  bsp_pwm.o(.text.bsp_pwm_set_arr)
    bsp_pwm_set_callback                     0x08002e59   Thumb Code    12  bsp_pwm.o(.text.bsp_pwm_set_callback)
    bsp_pwm_set_half_bridge1_pulse           0x08002e65   Thumb Code    12  bsp_pwm.o(.text.bsp_pwm_set_half_bridge1_pulse)
    bsp_pwm_set_half_bridge2_pulse           0x08002e71   Thumb Code    12  bsp_pwm.o(.text.bsp_pwm_set_half_bridge2_pulse)
    bsp_pwm_set_phase                        0x08002e7d   Thumb Code    12  bsp_pwm.o(.text.bsp_pwm_set_phase)
    bsp_timer_init                           0x08002e89   Thumb Code    74  bsp_timer.o(.text.bsp_timer_init)
    bsp_timer_set_callback                   0x08002ed5   Thumb Code    12  bsp_timer.o(.text.bsp_timer_set_callback)
    bsp_uart_init                            0x08002ee1   Thumb Code   220  bsp_uart.o(.text.bsp_uart_init)
    bsp_uart_printf                          0x08002fbd   Thumb Code   138  bsp_uart.o(.text.bsp_uart_printf)
    main                                     0x0800343d   Thumb Code    14  main.o(.text.main)
    pvPortMalloc                             0x080039cd   Thumb Code   392  heap_4.o(.text.pvPortMalloc)
    pxPortInitialiseStack                    0x08003b55   Thumb Code    32  port.o(.text.pxPortInitialiseStack)
    qi_app_get_rxdevice                      0x08003b75   Thumb Code    22  wlc_app.o(.text.qi_app_get_rxdevice)
    qi_app_get_vin_state                     0x08003b8d   Thumb Code    22  wlc_app.o(.text.qi_app_get_vin_state)
    qi_idconfig_get_mode                     0x08003ba5   Thumb Code    20  qi_idconfig.o(.text.qi_idconfig_get_mode)
    qi_idconfig_init                         0x08003bb9   Thumb Code    40  qi_idconfig.o(.text.qi_idconfig_init)
    qi_idconfig_process                      0x08003be1   Thumb Code   496  qi_idconfig.o(.text.qi_idconfig_process)
    qi_idconfig_start                        0x08003dd9   Thumb Code    40  qi_idconfig.o(.text.qi_idconfig_start)
    qi_negotiation_init                      0x08003e01   Thumb Code    64  qi_negotiation.o(.text.qi_negotiation_init)
    qi_negtiation_process                    0x08003fdd   Thumb Code   536  qi_negotiation.o(.text.qi_negtiation_process)
    qi_ping_init                             0x08004205   Thumb Code    90  qi_ping.o(.text.qi_ping_init)
    qi_ping_process                          0x08004261   Thumb Code   296  qi_ping.o(.text.qi_ping_process)
    qi_ping_set_power_level                  0x08004389   Thumb Code     2  qi_ping.o(.text.qi_ping_set_power_level)
    qi_ping_start                            0x0800438d   Thumb Code   132  qi_ping.o(.text.qi_ping_start)
    qi_ping_stop                             0x08004411   Thumb Code    90  qi_ping.o(.text.qi_ping_stop)
    qi_ping_stop_keep_power                  0x0800446d   Thumb Code    76  qi_ping.o(.text.qi_ping_stop_keep_power)
    qi_power_adjust_ce                       0x080044b9   Thumb Code   304  qi_power_delivery.o(.text.qi_power_adjust_ce)
    qi_power_init                            0x080045f1   Thumb Code   228  qi_power_delivery.o(.text.qi_power_init)
    qi_power_off                             0x080046d5   Thumb Code    68  qi_power_delivery.o(.text.qi_power_off)
    qi_power_set_digital_ping                0x08004719   Thumb Code    98  qi_power_delivery.o(.text.qi_power_set_digital_ping)
    qi_power_set_level                       0x0800477d   Thumb Code   308  qi_power_delivery.o(.text.qi_power_set_level)
    qi_pt_init                               0x080048d5   Thumb Code    96  qi_power_transfer.o(.text.qi_pt_init)
    qi_pt_process                            0x08004bd9   Thumb Code   444  qi_power_transfer.o(.text.qi_pt_process)
    qi_pt_start                              0x08004db9   Thumb Code    82  qi_power_transfer.o(.text.qi_pt_start)
    qi_response                              0x08004e0d   Thumb Code   172  qi_response.o(.text.qi_response)
    qi_response_active                       0x08004eb9   Thumb Code   136  qi_response.o(.text.qi_response_active)
    qi_response_init                         0x08004f5d   Thumb Code    80  qi_response.o(.text.qi_response_init)
    qi_response_set_fsk_params               0x08004fad   Thumb Code    16  qi_response.o(.text.qi_response_set_fsk_params)
    ring_buffer_empty                        0x08004fdd   Thumb Code    22  ring_buffer.o(.text.ring_buffer_empty)
    ring_buffer_full                         0x08004ff5   Thumb Code    38  ring_buffer.o(.text.ring_buffer_full)
    ring_buffer_get                          0x0800501d   Thumb Code    66  ring_buffer.o(.text.ring_buffer_get)
    ring_buffer_init                         0x08005061   Thumb Code    18  ring_buffer.o(.text.ring_buffer_init)
    ring_buffer_linear_block_size            0x08005075   Thumb Code    34  ring_buffer.o(.text.ring_buffer_linear_block_size)
    ring_buffer_put                          0x08005099   Thumb Code    58  ring_buffer.o(.text.ring_buffer_put)
    tomato_calibration_calculate_ploss       0x08005179   Thumb Code   132  qi_calibration.o(.text.tomato_calibration_calculate_ploss)
    tomato_calibration_get_aligned_power     0x080051fd   Thumb Code   118  qi_calibration.o(.text.tomato_calibration_get_aligned_power)
    tomato_calibration_init                  0x08005275   Thumb Code    40  qi_calibration.o(.text.tomato_calibration_init)
    tomato_calibration_mainfunction          0x0800529d   Thumb Code   176  qi_calibration.o(.text.tomato_calibration_mainfunction)
    tomato_calibration_points_data           0x0800534d   Thumb Code   644  qi_calibration.o(.text.tomato_calibration_points_data)
    tomato_wlc_clear_fsk_flag                0x08005629   Thumb Code    14  tomato_fsk.o(.text.tomato_wlc_clear_fsk_flag)
    tomato_wlc_fsk_byte_response             0x08005639   Thumb Code    90  tomato_fsk.o(.text.tomato_wlc_fsk_byte_response)
    tomato_wlc_fsk_send_msg                  0x08005719   Thumb Code   144  tomato_fsk.o(.text.tomato_wlc_fsk_send_msg)
    tomato_wlc_fsk_set_depth                 0x080057a9   Thumb Code    12  tomato_fsk.o(.text.tomato_wlc_fsk_set_depth)
    tomato_wlc_get_fsk_flag                  0x080057b5   Thumb Code    12  tomato_fsk.o(.text.tomato_wlc_get_fsk_flag)
    uxListRemove                             0x080057c1   Thumb Code    36  list.o(.text.uxListRemove)
    vListInitialise                          0x080057e5   Thumb Code    22  list.o(.text.vListInitialise)
    vListInitialiseItem                      0x080057fd   Thumb Code     6  list.o(.text.vListInitialiseItem)
    vListInsert                              0x08005805   Thumb Code    58  list.o(.text.vListInsert)
    vListInsertEnd                           0x08005841   Thumb Code    28  list.o(.text.vListInsertEnd)
    vPortEnterCritical                       0x0800585d   Thumb Code    32  port.o(.text.vPortEnterCritical)
    vPortExitCritical                        0x0800587d   Thumb Code    26  port.o(.text.vPortExitCritical)
    vPortFree                                0x08005899   Thumb Code   176  heap_4.o(.text.vPortFree)
    vPortSetupTimerInterrupt                 0x08005949   Thumb Code    30  port.o(.text.vPortSetupTimerInterrupt)
    vQueueWaitForMessageRestricted           0x08005969   Thumb Code    70  queue.o(.text.vQueueWaitForMessageRestricted)
    vTaskInternalSetTimeOutState             0x080059b1   Thumb Code    26  tasks.o(.text.vTaskInternalSetTimeOutState)
    vTaskMissedYield                         0x080059cd   Thumb Code    14  tasks.o(.text.vTaskMissedYield)
    vTaskPlaceOnEventList                    0x080059dd   Thumb Code    32  tasks.o(.text.vTaskPlaceOnEventList)
    vTaskPlaceOnEventListRestricted          0x080059fd   Thumb Code    42  tasks.o(.text.vTaskPlaceOnEventListRestricted)
    vTaskStartScheduler                      0x08005a29   Thumb Code   124  tasks.o(.text.vTaskStartScheduler)
    vTaskSuspendAll                          0x08005aad   Thumb Code    16  tasks.o(.text.vTaskSuspendAll)
    vTaskSwitchContext                       0x08005abd   Thumb Code   108  tasks.o(.text.vTaskSwitchContext)
    wlc_app_data_received_callback           0x08005b29   Thumb Code   128  wlc_app.o(.text.wlc_app_data_received_callback)
    wlc_app_get_current                      0x08005bc9   Thumb Code    84  wlc_app.o(.text.wlc_app_get_current)
    wlc_app_get_reference_power              0x08005c1d   Thumb Code    30  wlc_app.o(.text.wlc_app_get_reference_power)
    wlc_app_get_vin                          0x08005c3d   Thumb Code   110  wlc_app.o(.text.wlc_app_get_vin)
    wlc_app_init                             0x08005cad   Thumb Code   244  wlc_app.o(.text.wlc_app_init)
    wlc_app_task                             0x08005da1   Thumb Code    84  wlc_app.o(.text.wlc_app_task)
    wlc_ask_demod_enable                     0x08005e31   Thumb Code    62  wlc_physical.o(.text.wlc_ask_demod_enable)
    wlc_ask_demod_handler                    0x08005e71   Thumb Code   928  wlc_physical.o(.text.wlc_ask_demod_handler)
    wlc_lib_adc_get_value                    0x08006211   Thumb Code    20  wlc_lib.o(.text.wlc_lib_adc_get_value)
    wlc_lib_ask_handle_int                   0x08006225   Thumb Code     4  wlc_lib.o(.text.wlc_lib_ask_handle_int)
    wlc_lib_handler                          0x08006229   Thumb Code     4  wlc_lib.o(.text.wlc_lib_handler)
    wlc_lib_init                             0x0800622d   Thumb Code    80  wlc_lib.o(.text.wlc_lib_init)
    wlc_lib_irq_enable                       0x0800627d   Thumb Code    18  wlc_lib.o(.text.wlc_lib_irq_enable)
    wlc_lib_printf                           0x08006291   Thumb Code    46  wlc_lib.o(.text.wlc_lib_printf)
    wlc_lib_pwm_enable                       0x080062c1   Thumb Code    18  wlc_lib.o(.text.wlc_lib_pwm_enable)
    wlc_lib_pwm_get_clock                    0x080062d5   Thumb Code    20  wlc_lib.o(.text.wlc_lib_pwm_get_clock)
    wlc_lib_pwm_get_freq                     0x080062e9   Thumb Code    20  wlc_lib.o(.text.wlc_lib_pwm_get_freq)
    wlc_lib_pwm_set_arr                      0x080062fd   Thumb Code    18  wlc_lib.o(.text.wlc_lib_pwm_set_arr)
    wlc_lib_pwm_set_callback                 0x08006311   Thumb Code    18  wlc_lib.o(.text.wlc_lib_pwm_set_callback)
    wlc_lib_pwm_set_freq                     0x08006325   Thumb Code    20  wlc_lib.o(.text.wlc_lib_pwm_set_freq)
    wlc_lib_pwm_set_half_bridge1_pulse       0x08006339   Thumb Code    18  wlc_lib.o(.text.wlc_lib_pwm_set_half_bridge1_pulse)
    wlc_lib_pwm_set_half_bridge2_pulse       0x0800634d   Thumb Code    18  wlc_lib.o(.text.wlc_lib_pwm_set_half_bridge2_pulse)
    wlc_lib_pwm_set_phase                    0x08006361   Thumb Code    18  wlc_lib.o(.text.wlc_lib_pwm_set_phase)
    wlc_lib_timer_handle_int                 0x08006375   Thumb Code     4  wlc_lib.o(.text.wlc_lib_timer_handle_int)
    wlc_lib_uart_printf                      0x08006379   Thumb Code    46  wlc_lib.o(.text.wlc_lib_uart_printf)
    wlc_pwm_server_get_arr                   0x080063a9   Thumb Code    12  wlc_power_bridge.o(.text.wlc_pwm_server_get_arr)
    wlc_pwm_server_start_full_bridge         0x08006419   Thumb Code    96  wlc_power_bridge.o(.text.wlc_pwm_server_start_full_bridge)
    wlc_pwm_server_start_half_bridge         0x08006479   Thumb Code    88  wlc_power_bridge.o(.text.wlc_pwm_server_start_half_bridge)
    wlc_pwm_server_stop_output               0x080064d1   Thumb Code    58  wlc_power_bridge.o(.text.wlc_pwm_server_stop_output)
    wlc_timer_create                         0x0800650d   Thumb Code    70  wlc_timer.o(.text.wlc_timer_create)
    wlc_timer_destroy                        0x08006555   Thumb Code    38  wlc_timer.o(.text.wlc_timer_destroy)
    wlc_timer_get_timestamp                  0x0800657d   Thumb Code    12  wlc_timer.o(.text.wlc_timer_get_timestamp)
    wlc_timer_is_expired                     0x08006589   Thumb Code    76  wlc_timer.o(.text.wlc_timer_is_expired)
    wlc_timer_isr_callback                   0x080065d5   Thumb Code    16  wlc_timer.o(.text.wlc_timer_isr_callback)
    xPortStartScheduler                      0x080065e5   Thumb Code    84  port.o(.text.xPortStartScheduler)
    xQueueGenericCreate                      0x08006639   Thumb Code    96  queue.o(.text.xQueueGenericCreate)
    xQueueGenericSend                        0x08006699   Thumb Code   422  queue.o(.text.xQueueGenericSend)
    xQueueReceive                            0x08006841   Thumb Code   332  queue.o(.text.xQueueReceive)
    xTaskCheckForTimeOut                     0x0800698d   Thumb Code    96  tasks.o(.text.xTaskCheckForTimeOut)
    xTaskCreate                              0x080069ed   Thumb Code   470  tasks.o(.text.xTaskCreate)
    xTaskDelayUntil                          0x08006bc5   Thumb Code   230  tasks.o(.text.xTaskDelayUntil)
    xTaskGetSchedulerState                   0x08006cad   Thumb Code    38  tasks.o(.text.xTaskGetSchedulerState)
    xTaskGetTickCount                        0x08006cd5   Thumb Code    12  tasks.o(.text.xTaskGetTickCount)
    xTaskIncrementTick                       0x08006ce1   Thumb Code   348  tasks.o(.text.xTaskIncrementTick)
    xTaskPriorityDisinherit                  0x08006e3d   Thumb Code   122  tasks.o(.text.xTaskPriorityDisinherit)
    xTaskRemoveFromEventList                 0x08006eb9   Thumb Code   124  tasks.o(.text.xTaskRemoveFromEventList)
    xTaskResumeAll                           0x08006f35   Thumb Code   282  tasks.o(.text.xTaskResumeAll)
    xTimerCreateTimerTask                    0x08007051   Thumb Code   132  timers.o(.text.xTimerCreateTimerTask)
    _btod_d2e                                0x080070dd   Thumb Code    62  btod.o(CL$$btod_d2e)
    _d2e_denorm_low                          0x0800711b   Thumb Code    70  btod.o(CL$$btod_d2e_denorm_low)
    _d2e_norm_op1                            0x08007161   Thumb Code    96  btod.o(CL$$btod_d2e_norm_op1)
    __btod_div_common                        0x080071c1   Thumb Code   696  btod.o(CL$$btod_div_common)
    _e2e                                     0x080074f9   Thumb Code   220  btod.o(CL$$btod_e2e)
    _btod_ediv                               0x080075d5   Thumb Code    42  btod.o(CL$$btod_ediv)
    _btod_emul                               0x080075ff   Thumb Code    42  btod.o(CL$$btod_emul)
    __btod_mult_common                       0x08007629   Thumb Code   580  btod.o(CL$$btod_mult_common)
    __ARM_fpclassify                         0x0800786d   Thumb Code    40  fpclassify.o(i.__ARM_fpclassify)
    _is_digit                                0x08007895   Thumb Code    14  __printf_wp.o(i._is_digit)
    _get_lc_numeric                          0x080078a5   Thumb Code    44  lc_numeric_c.o(locale$$code)
    _get_lc_ctype                            0x080078d1   Thumb Code    44  lc_ctype_c.o(locale$$code)
    __aeabi_d2iz                             0x080078fd   Thumb Code     0  dfix.o(x$fpl$dfix)
    _dfix                                    0x080078fd   Thumb Code    94  dfix.o(x$fpl$dfix)
    __aeabi_ui2d                             0x0800795b   Thumb Code     0  dflt_clz.o(x$fpl$dfltu)
    _dfltu                                   0x0800795b   Thumb Code    38  dflt_clz.o(x$fpl$dfltu)
    __aeabi_dmul                             0x08007981   Thumb Code     0  dmul.o(x$fpl$dmul)
    _dmul                                    0x08007981   Thumb Code   332  dmul.o(x$fpl$dmul)
    __fpl_dnaninf                            0x08007ad5   Thumb Code   156  dnaninf.o(x$fpl$dnaninf)
    __fpl_dretinf                            0x08007b71   Thumb Code    12  dretinf.o(x$fpl$dretinf)
    _printf_fp_dec                           0x08007b7d   Thumb Code     4  printf1.o(x$fpl$printf1)
    _printf_fp_hex                           0x08007b81   Thumb Code     4  printf2.o(x$fpl$printf2)
    __I$use$fp                               0x08007b84   Number         0  usenofp.o(x$fpl$usenofp)
    uxTopUsedPriority                        0x08007f5c   Data           4  tasks.o(.rodata.uxTopUsedPriority)
    Region$$Table$$Base                      0x08007f60   Number         0  anon$$obj.o(Region$$Table)
    Region$$Table$$Limit                     0x08007f80   Number         0  anon$$obj.o(Region$$Table)
    __ctype                                  0x08007fa9   Data           0  lc_ctype_c.o(locale$$data)
    wlc_lib_datas                            0x20000008   Data          56  freertos_task.o(.data.wlc_lib_datas)
    __libspace_start                         0x20000040   Data          96  libspace.o(.bss)
    __temporary_stack_top$libspace           0x200000a0   Data           0  libspace.o(.bss)
    DMA_FastADCBuffer                        0x200000a4   Data        1024  bsp_adc.o(.bss.DMA_FastADCBuffer)
    DMA_SlowADCBuffer                        0x200004a4   Data           6  bsp_adc.o(.bss.DMA_SlowADCBuffer)
    pxCurrentTCB                             0x200006fc   Data           4  tasks.o(.bss.pxCurrentTCB)



==============================================================================

Memory Map of the image

  Image Entry point : 0x08000145

  Load Region LR_IROM1 (Base: 0x08000000, Size: 0x000080f0, Max: 0x00020000, ABSOLUTE)

    Execution Region ER_IROM1 (Exec base: 0x08000000, Load base: 0x08000000, Size: 0x000080ac, Max: 0x00020000, ABSOLUTE)

    Exec Addr    Load Addr    Size         Type   Attr      Idx    E Section Name        Object

    0x08000000   0x08000000   0x00000144   Data   RO            3    RESET               startup_apm32f10x_hd.o
    0x08000144   0x08000144   0x00000008   Code   RO         2534  * !!!main             c_w.l(__main.o)
    0x0800014c   0x0800014c   0x0000005c   Code   RO         2901    !!!scatter          c_w.l(__scatter.o)
    0x080001a8   0x080001a8   0x0000001a   Code   RO         2905    !!handler_copy      c_w.l(__scatter_copy.o)
    0x080001c2   0x080001c2   0x00000002   PAD
    0x080001c4   0x080001c4   0x00000002   Code   RO         2902    !!handler_null      c_w.l(__scatter.o)
    0x080001c6   0x080001c6   0x00000002   PAD
    0x080001c8   0x080001c8   0x0000001c   Code   RO         2907    !!handler_zi        c_w.l(__scatter_zi.o)
    0x080001e4   0x080001e4   0x00000000   Code   RO         2636    .ARM.Collect$$_printf_percent$$00000000  c_w.l(_printf_percent.o)
    0x080001e4   0x080001e4   0x00000006   Code   RO         2625    .ARM.Collect$$_printf_percent$$00000001  c_w.l(_printf_n.o)
    0x080001ea   0x080001ea   0x00000006   Code   RO         2627    .ARM.Collect$$_printf_percent$$00000002  c_w.l(_printf_p.o)
    0x080001f0   0x080001f0   0x00000006   Code   RO         2632    .ARM.Collect$$_printf_percent$$00000003  c_w.l(_printf_f.o)
    0x080001f6   0x080001f6   0x00000006   Code   RO         2633    .ARM.Collect$$_printf_percent$$00000004  c_w.l(_printf_e.o)
    0x080001fc   0x080001fc   0x00000006   Code   RO         2634    .ARM.Collect$$_printf_percent$$00000005  c_w.l(_printf_g.o)
    0x08000202   0x08000202   0x00000006   Code   RO         2635    .ARM.Collect$$_printf_percent$$00000006  c_w.l(_printf_a.o)
    0x08000208   0x08000208   0x0000000a   Code   RO         2640    .ARM.Collect$$_printf_percent$$00000007  c_w.l(_printf_ll.o)
    0x08000212   0x08000212   0x00000006   Code   RO         2629    .ARM.Collect$$_printf_percent$$00000008  c_w.l(_printf_i.o)
    0x08000218   0x08000218   0x00000006   Code   RO         2630    .ARM.Collect$$_printf_percent$$00000009  c_w.l(_printf_d.o)
    0x0800021e   0x0800021e   0x00000006   Code   RO         2631    .ARM.Collect$$_printf_percent$$0000000A  c_w.l(_printf_u.o)
    0x08000224   0x08000224   0x00000006   Code   RO         2628    .ARM.Collect$$_printf_percent$$0000000B  c_w.l(_printf_o.o)
    0x0800022a   0x0800022a   0x00000006   Code   RO         2626    .ARM.Collect$$_printf_percent$$0000000C  c_w.l(_printf_x.o)
    0x08000230   0x08000230   0x00000006   Code   RO         2637    .ARM.Collect$$_printf_percent$$0000000D  c_w.l(_printf_lli.o)
    0x08000236   0x08000236   0x00000006   Code   RO         2638    .ARM.Collect$$_printf_percent$$0000000E  c_w.l(_printf_lld.o)
    0x0800023c   0x0800023c   0x00000006   Code   RO         2639    .ARM.Collect$$_printf_percent$$0000000F  c_w.l(_printf_llu.o)
    0x08000242   0x08000242   0x00000006   Code   RO         2644    .ARM.Collect$$_printf_percent$$00000010  c_w.l(_printf_llo.o)
    0x08000248   0x08000248   0x00000006   Code   RO         2645    .ARM.Collect$$_printf_percent$$00000011  c_w.l(_printf_llx.o)
    0x0800024e   0x0800024e   0x0000000a   Code   RO         2641    .ARM.Collect$$_printf_percent$$00000012  c_w.l(_printf_l.o)
    0x08000258   0x08000258   0x00000006   Code   RO         2623    .ARM.Collect$$_printf_percent$$00000013  c_w.l(_printf_c.o)
    0x0800025e   0x0800025e   0x00000006   Code   RO         2624    .ARM.Collect$$_printf_percent$$00000014  c_w.l(_printf_s.o)
    0x08000264   0x08000264   0x00000006   Code   RO         2642    .ARM.Collect$$_printf_percent$$00000015  c_w.l(_printf_lc.o)
    0x0800026a   0x0800026a   0x00000006   Code   RO         2643    .ARM.Collect$$_printf_percent$$00000016  c_w.l(_printf_ls.o)
    0x08000270   0x08000270   0x00000004   Code   RO         2695    .ARM.Collect$$_printf_percent$$00000017  c_w.l(_printf_percent_end.o)
    0x08000274   0x08000274   0x00000002   Code   RO         2750    .ARM.Collect$$libinit$$00000000  c_w.l(libinit.o)
    0x08000276   0x08000276   0x00000000   Code   RO         2774    .ARM.Collect$$libinit$$00000002  c_w.l(libinit2.o)
    0x08000276   0x08000276   0x00000000   Code   RO         2776    .ARM.Collect$$libinit$$00000004  c_w.l(libinit2.o)
    0x08000276   0x08000276   0x00000000   Code   RO         2778    .ARM.Collect$$libinit$$00000006  c_w.l(libinit2.o)
    0x08000276   0x08000276   0x00000000   Code   RO         2781    .ARM.Collect$$libinit$$0000000C  c_w.l(libinit2.o)
    0x08000276   0x08000276   0x00000000   Code   RO         2783    .ARM.Collect$$libinit$$0000000E  c_w.l(libinit2.o)
    0x08000276   0x08000276   0x00000000   Code   RO         2785    .ARM.Collect$$libinit$$00000010  c_w.l(libinit2.o)
    0x08000276   0x08000276   0x00000006   Code   RO         2786    .ARM.Collect$$libinit$$00000011  c_w.l(libinit2.o)
    0x0800027c   0x0800027c   0x00000000   Code   RO         2788    .ARM.Collect$$libinit$$00000013  c_w.l(libinit2.o)
    0x0800027c   0x0800027c   0x0000000c   Code   RO         2789    .ARM.Collect$$libinit$$00000014  c_w.l(libinit2.o)
    0x08000288   0x08000288   0x00000000   Code   RO         2790    .ARM.Collect$$libinit$$00000015  c_w.l(libinit2.o)
    0x08000288   0x08000288   0x00000000   Code   RO         2792    .ARM.Collect$$libinit$$00000017  c_w.l(libinit2.o)
    0x08000288   0x08000288   0x0000000a   Code   RO         2793    .ARM.Collect$$libinit$$00000018  c_w.l(libinit2.o)
    0x08000292   0x08000292   0x00000000   Code   RO         2794    .ARM.Collect$$libinit$$00000019  c_w.l(libinit2.o)
    0x08000292   0x08000292   0x00000000   Code   RO         2796    .ARM.Collect$$libinit$$0000001B  c_w.l(libinit2.o)
    0x08000292   0x08000292   0x00000000   Code   RO         2798    .ARM.Collect$$libinit$$0000001D  c_w.l(libinit2.o)
    0x08000292   0x08000292   0x00000000   Code   RO         2800    .ARM.Collect$$libinit$$0000001F  c_w.l(libinit2.o)
    0x08000292   0x08000292   0x00000000   Code   RO         2802    .ARM.Collect$$libinit$$00000021  c_w.l(libinit2.o)
    0x08000292   0x08000292   0x00000000   Code   RO         2804    .ARM.Collect$$libinit$$00000023  c_w.l(libinit2.o)
    0x08000292   0x08000292   0x00000000   Code   RO         2806    .ARM.Collect$$libinit$$00000025  c_w.l(libinit2.o)
    0x08000292   0x08000292   0x00000000   Code   RO         2808    .ARM.Collect$$libinit$$00000027  c_w.l(libinit2.o)
    0x08000292   0x08000292   0x00000000   Code   RO         2812    .ARM.Collect$$libinit$$0000002E  c_w.l(libinit2.o)
    0x08000292   0x08000292   0x00000000   Code   RO         2814    .ARM.Collect$$libinit$$00000030  c_w.l(libinit2.o)
    0x08000292   0x08000292   0x00000000   Code   RO         2816    .ARM.Collect$$libinit$$00000032  c_w.l(libinit2.o)
    0x08000292   0x08000292   0x00000000   Code   RO         2818    .ARM.Collect$$libinit$$00000034  c_w.l(libinit2.o)
    0x08000292   0x08000292   0x00000002   Code   RO         2819    .ARM.Collect$$libinit$$00000035  c_w.l(libinit2.o)
    0x08000294   0x08000294   0x00000002   Code   RO         2856    .ARM.Collect$$libshutdown$$00000000  c_w.l(libshutdown.o)
    0x08000296   0x08000296   0x00000000   Code   RO         2884    .ARM.Collect$$libshutdown$$00000002  c_w.l(libshutdown2.o)
    0x08000296   0x08000296   0x00000000   Code   RO         2886    .ARM.Collect$$libshutdown$$00000004  c_w.l(libshutdown2.o)
    0x08000296   0x08000296   0x00000000   Code   RO         2889    .ARM.Collect$$libshutdown$$00000007  c_w.l(libshutdown2.o)
    0x08000296   0x08000296   0x00000000   Code   RO         2892    .ARM.Collect$$libshutdown$$0000000A  c_w.l(libshutdown2.o)
    0x08000296   0x08000296   0x00000000   Code   RO         2894    .ARM.Collect$$libshutdown$$0000000C  c_w.l(libshutdown2.o)
    0x08000296   0x08000296   0x00000000   Code   RO         2897    .ARM.Collect$$libshutdown$$0000000F  c_w.l(libshutdown2.o)
    0x08000296   0x08000296   0x00000002   Code   RO         2898    .ARM.Collect$$libshutdown$$00000010  c_w.l(libshutdown2.o)
    0x08000298   0x08000298   0x00000000   Code   RO         2548    .ARM.Collect$$rtentry$$00000000  c_w.l(__rtentry.o)
    0x08000298   0x08000298   0x00000000   Code   RO         2662    .ARM.Collect$$rtentry$$00000002  c_w.l(__rtentry2.o)
    0x08000298   0x08000298   0x00000006   Code   RO         2674    .ARM.Collect$$rtentry$$00000004  c_w.l(__rtentry4.o)
    0x0800029e   0x0800029e   0x00000000   Code   RO         2664    .ARM.Collect$$rtentry$$00000009  c_w.l(__rtentry2.o)
    0x0800029e   0x0800029e   0x00000004   Code   RO         2665    .ARM.Collect$$rtentry$$0000000A  c_w.l(__rtentry2.o)
    0x080002a2   0x080002a2   0x00000000   Code   RO         2667    .ARM.Collect$$rtentry$$0000000C  c_w.l(__rtentry2.o)
    0x080002a2   0x080002a2   0x00000008   Code   RO         2668    .ARM.Collect$$rtentry$$0000000D  c_w.l(__rtentry2.o)
    0x080002aa   0x080002aa   0x00000002   Code   RO         2758    .ARM.Collect$$rtexit$$00000000  c_w.l(rtexit.o)
    0x080002ac   0x080002ac   0x00000000   Code   RO         2825    .ARM.Collect$$rtexit$$00000002  c_w.l(rtexit2.o)
    0x080002ac   0x080002ac   0x00000004   Code   RO         2826    .ARM.Collect$$rtexit$$00000003  c_w.l(rtexit2.o)
    0x080002b0   0x080002b0   0x00000006   Code   RO         2827    .ARM.Collect$$rtexit$$00000004  c_w.l(rtexit2.o)
    0x080002b6   0x080002b6   0x00000002   PAD
    0x080002b8   0x080002b8   0x00000040   Code   RO            4    .text               startup_apm32f10x_hd.o
    0x080002f8   0x080002f8   0x00000074   Code   RO         2522    .text               c_w.l(llsdiv.o)
    0x0800036c   0x0800036c   0x0000003c   Code   RO         2524    .text               c_w.l(vsnprintf.o)
    0x080003a8   0x080003a8   0x0000008a   Code   RO         2526    .text               c_w.l(rt_memcpy_v6.o)
    0x08000432   0x08000432   0x00000044   Code   RO         2528    .text               c_w.l(rt_memclr.o)
    0x08000476   0x08000476   0x0000004e   Code   RO         2530    .text               c_w.l(rt_memclr_w.o)
    0x080004c4   0x080004c4   0x00000006   Code   RO         2532    .text               c_w.l(heapauxi.o)
    0x080004ca   0x080004ca   0x000000f0   Code   RO         2553    .text               c_w.l(lludivv7m.o)
    0x080005ba   0x080005ba   0x0000004e   Code   RO         2557    .text               c_w.l(_printf_pad.o)
    0x08000608   0x08000608   0x00000024   Code   RO         2559    .text               c_w.l(_printf_truncate.o)
    0x0800062c   0x0800062c   0x00000052   Code   RO         2561    .text               c_w.l(_printf_str.o)
    0x0800067e   0x0800067e   0x00000002   PAD
    0x08000680   0x08000680   0x00000078   Code   RO         2563    .text               c_w.l(_printf_dec.o)
    0x080006f8   0x080006f8   0x00000028   Code   RO         2565    .text               c_w.l(_printf_charcount.o)
    0x08000720   0x08000720   0x00000030   Code   RO         2567    .text               c_w.l(_printf_char_common.o)
    0x08000750   0x08000750   0x00000010   Code   RO         2569    .text               c_w.l(_snputc.o)
    0x08000760   0x08000760   0x000000bc   Code   RO         2571    .text               c_w.l(_printf_wctomb.o)
    0x0800081c   0x0800081c   0x0000007c   Code   RO         2574    .text               c_w.l(_printf_longlong_dec.o)
    0x08000898   0x08000898   0x00000070   Code   RO         2580    .text               c_w.l(_printf_oct_int_ll.o)
    0x08000908   0x08000908   0x00000094   Code   RO         2600    .text               c_w.l(_printf_hex_int_ll_ptr.o)
    0x0800099c   0x0800099c   0x00000188   Code   RO         2620    .text               c_w.l(__printf_flags_ss_wp.o)
    0x08000b24   0x08000b24   0x00000064   Code   RO         2646    .text               c_w.l(rt_memcpy_w.o)
    0x08000b88   0x08000b88   0x0000008a   Code   RO         2678    .text               c_w.l(lludiv10.o)
    0x08000c12   0x08000c12   0x000000b2   Code   RO         2680    .text               c_w.l(_printf_intcommon.o)
    0x08000cc4   0x08000cc4   0x0000041c   Code   RO         2682    .text               c_w.l(_printf_fp_dec.o)
    0x080010e0   0x080010e0   0x000002fc   Code   RO         2686    .text               c_w.l(_printf_fp_hex.o)
    0x080013dc   0x080013dc   0x0000002c   Code   RO         2691    .text               c_w.l(_printf_char.o)
    0x08001408   0x08001408   0x0000002c   Code   RO         2693    .text               c_w.l(_printf_wchar.o)
    0x08001434   0x08001434   0x00000048   Code   RO         2696    .text               c_w.l(_c16rtomb.o)
    0x0800147c   0x0800147c   0x0000004a   Code   RO         2698    .text               c_w.l(sys_stackheap_outer.o)
    0x080014c6   0x080014c6   0x00000002   PAD
    0x080014c8   0x080014c8   0x00000010   Code   RO         2700    .text               c_w.l(rt_ctype_table.o)
    0x080014d8   0x080014d8   0x00000008   Code   RO         2705    .text               c_w.l(rt_locale_intlibspace.o)
    0x080014e0   0x080014e0   0x00000080   Code   RO         2707    .text               c_w.l(_printf_fp_infnan.o)
    0x08001560   0x08001560   0x000000e4   Code   RO         2709    .text               c_w.l(bigflt0.o)
    0x08001644   0x08001644   0x00000012   Code   RO         2739    .text               c_w.l(exit.o)
    0x08001656   0x08001656   0x00000002   PAD
    0x08001658   0x08001658   0x00000008   Code   RO         2755    .text               c_w.l(libspace.o)
    0x08001660   0x08001660   0x00000080   Code   RO         2771    .text               c_w.l(strcmpv7m.o)
    0x080016e0   0x080016e0   0x0000000c   Code   RO         2820    .text               c_w.l(sys_exit.o)
    0x080016ec   0x080016ec   0x00000002   Code   RO         2845    .text               c_w.l(use_no_semi.o)
    0x080016ee   0x080016ee   0x00000000   Code   RO         2847    .text               c_w.l(indicate_semi.o)
    0x080016ee   0x080016ee   0x00000002   PAD
    0x080016f0   0x080016f0   0x00000058   Code   RO           13    .text.ADC_Config    apm32f10x_adc.o
    0x08001748   0x08001748   0x00000060   Code   RO           45    .text.ADC_ConfigRegularChannel  apm32f10x_adc.o
    0x080017a8   0x080017a8   0x00000010   Code   RO           15    .text.ADC_ConfigStructInit  apm32f10x_adc.o
    0x080017b8   0x080017b8   0x0000000a   Code   RO           19    .text.ADC_Disable   apm32f10x_adc.o
    0x080017c2   0x080017c2   0x00000002   PAD
    0x080017c4   0x080017c4   0x0000000a   Code   RO           17    .text.ADC_Enable    apm32f10x_adc.o
    0x080017ce   0x080017ce   0x00000002   PAD
    0x080017d0   0x080017d0   0x0000000a   Code   RO           21    .text.ADC_EnableDMA  apm32f10x_adc.o
    0x080017da   0x080017da   0x00000002   PAD
    0x080017dc   0x080017dc   0x0000000a   Code   RO           33    .text.ADC_EnableSoftwareStartConv  apm32f10x_adc.o
    0x080017e6   0x080017e6   0x00000002   PAD
    0x080017e8   0x080017e8   0x00000008   Code   RO           31    .text.ADC_ReadCalibrationStartFlag  apm32f10x_adc.o
    0x080017f0   0x080017f0   0x00000008   Code   RO           27    .text.ADC_ReadResetCalibrationStatus  apm32f10x_adc.o
    0x080017f8   0x080017f8   0x00000048   Code   RO           11    .text.ADC_Reset     apm32f10x_adc.o
    0x08001840   0x08001840   0x0000000a   Code   RO           25    .text.ADC_ResetCalibration  apm32f10x_adc.o
    0x0800184a   0x0800184a   0x00000002   PAD
    0x0800184c   0x0800184c   0x0000000a   Code   RO           29    .text.ADC_StartCalibration  apm32f10x_adc.o
    0x08001856   0x08001856   0x00000002   PAD
    0x08001858   0x08001858   0x0000006c   Code   RO         1590    .text.App_Task_Create  freertos_task.o
    0x080018c4   0x080018c4   0x00000002   Code   RO         1573    .text.BusFault_Handler  apm32f10x_int.o
    0x080018c6   0x080018c6   0x00000002   PAD
    0x080018c8   0x080018c8   0x0000008e   Code   RO         1686    .text.DMA1_Channel1_IRQHandler  bsp_adc.o
    0x08001956   0x08001956   0x00000002   PAD
    0x08001958   0x08001958   0x00000072   Code   RO         1607    .text.DMA1_Channel4_IRQHandler  bsp_uart.o
    0x080019ca   0x080019ca   0x00000002   PAD
    0x080019cc   0x080019cc   0x00000010   Code   RO          309    .text.DMA_ClearIntFlag  apm32f10x_dma.o
    0x080019dc   0x080019dc   0x00000086   Code   RO          287    .text.DMA_Config    apm32f10x_dma.o
    0x08001a62   0x08001a62   0x00000002   PAD
    0x08001a64   0x08001a64   0x00000004   Code   RO          295    .text.DMA_ConfigDataNumber  apm32f10x_dma.o
    0x08001a68   0x08001a68   0x0000000a   Code   RO          293    .text.DMA_Disable   apm32f10x_dma.o
    0x08001a72   0x08001a72   0x00000002   PAD
    0x08001a74   0x08001a74   0x0000000a   Code   RO          301    .text.DMA_DisableInterrupt  apm32f10x_dma.o
    0x08001a7e   0x08001a7e   0x00000002   PAD
    0x08001a80   0x08001a80   0x0000000a   Code   RO          291    .text.DMA_Enable    apm32f10x_dma.o
    0x08001a8a   0x08001a8a   0x00000002   PAD
    0x08001a8c   0x08001a8c   0x00000008   Code   RO          299    .text.DMA_EnableInterrupt  apm32f10x_dma.o
    0x08001a94   0x08001a94   0x00000016   Code   RO          307    .text.DMA_ReadIntFlag  apm32f10x_dma.o
    0x08001aaa   0x08001aaa   0x00000002   PAD
    0x08001aac   0x08001aac   0x00000002   Code   RO         1577    .text.DebugMon_Handler  apm32f10x_int.o
    0x08001aae   0x08001aae   0x00000002   PAD
    0x08001ab0   0x08001ab0   0x0000007c   Code   RO         1741    .text.EINT9_5_IRQHandler  bsp_irq.o
    0x08001b2c   0x08001b2c   0x0000000c   Code   RO          393    .text.EINT_ClearIntFlag  apm32f10x_eint.o
    0x08001b38   0x08001b38   0x0000007a   Code   RO          381    .text.EINT_Config   apm32f10x_eint.o
    0x08001bb2   0x08001bb2   0x00000002   PAD
    0x08001bb4   0x08001bb4   0x0000001e   Code   RO          391    .text.EINT_ReadIntFlag  apm32f10x_eint.o
    0x08001bd2   0x08001bd2   0x00000002   PAD
    0x08001bd4   0x08001bd4   0x000000b8   Code   RO          469    .text.GPIO_Config   apm32f10x_gpio.o
    0x08001c8c   0x08001c8c   0x000000ce   Code   RO          499    .text.GPIO_ConfigEINTLine  apm32f10x_gpio.o
    0x08001d5a   0x08001d5a   0x00000002   PAD
    0x08001d5c   0x08001d5c   0x0000005c   Code   RO          497    .text.GPIO_ConfigPinRemap  apm32f10x_gpio.o
    0x08001db8   0x08001db8   0x0000000c   Code   RO          471    .text.GPIO_ConfigStructInit  apm32f10x_gpio.o
    0x08001dc4   0x08001dc4   0x00000004   Code   RO          483    .text.GPIO_ResetBit  apm32f10x_gpio.o
    0x08001dc8   0x08001dc8   0x00000004   Code   RO          481    .text.GPIO_SetBit   apm32f10x_gpio.o
    0x08001dcc   0x08001dcc   0x0000000c   Code   RO          485    .text.GPIO_WriteBitValue  apm32f10x_gpio.o
    0x08001dd8   0x08001dd8   0x00000002   Code   RO         1569    .text.HardFault_Handler  apm32f10x_int.o
    0x08001dda   0x08001dda   0x00000002   PAD
    0x08001ddc   0x08001ddc   0x00000002   Code   RO         1571    .text.MemManage_Handler  apm32f10x_int.o
    0x08001dde   0x08001dde   0x00000002   PAD
    0x08001de0   0x08001de0   0x00000002   Code   RO         1567    .text.NMI_Handler   apm32f10x_int.o
    0x08001de2   0x08001de2   0x00000002   PAD
    0x08001de4   0x08001de4   0x0000001a   Code   RO          637    .text.NVIC_DisableIRQRequest  apm32f10x_misc.o
    0x08001dfe   0x08001dfe   0x00000002   PAD
    0x08001e00   0x08001e00   0x0000005e   Code   RO          635    .text.NVIC_EnableIRQRequest  apm32f10x_misc.o
    0x08001e5e   0x08001e5e   0x00000002   PAD
    0x08001e60   0x08001e60   0x00000044   Code   RO         2117    .text.PendSV_Handler  port.o
    0x08001ea4   0x08001ea4   0x0000001a   Code   RO          807    .text.RCM_ConfigADCCLK  apm32f10x_rcm.o
    0x08001ebe   0x08001ebe   0x00000002   PAD
    0x08001ec0   0x08001ec0   0x00000012   Code   RO          837    .text.RCM_DisableAPB2PeriphReset  apm32f10x_rcm.o
    0x08001ed2   0x08001ed2   0x00000002   PAD
    0x08001ed4   0x08001ed4   0x00000010   Code   RO          823    .text.RCM_EnableAHBPeriphClock  apm32f10x_rcm.o
    0x08001ee4   0x08001ee4   0x00000010   Code   RO          831    .text.RCM_EnableAPB1PeriphClock  apm32f10x_rcm.o
    0x08001ef4   0x08001ef4   0x00000010   Code   RO          827    .text.RCM_EnableAPB2PeriphClock  apm32f10x_rcm.o
    0x08001f04   0x08001f04   0x00000010   Code   RO          835    .text.RCM_EnableAPB2PeriphReset  apm32f10x_rcm.o
    0x08001f14   0x08001f14   0x0000009c   Code   RO          819    .text.RCM_ReadPCLKFreq  apm32f10x_rcm.o
    0x08001fb0   0x08001fb0   0x00000024   Code   RO         2103    .text.SVC_Handler   port.o
    0x08001fd4   0x08001fd4   0x0000002e   Code   RO         2119    .text.SysTick_Handler  port.o
    0x08002002   0x08002002   0x00000002   PAD
    0x08002004   0x08002004   0x00000108   Code   RO         1545    .text.SystemInit    system_apm32f10x.o
    0x0800210c   0x0800210c   0x00000026   Code   RO         1649    .text.TMR1_UP_IRQHandler  bsp_pwm.o
    0x08002132   0x08002132   0x00000002   PAD
    0x08002134   0x08002134   0x00000030   Code   RO         1757    .text.TMR2_IRQHandler  bsp_timer.o
    0x08002164   0x08002164   0x00000026   Code   RO         1647    .text.TMR3_IRQHandler  bsp_pwm.o
    0x0800218a   0x0800218a   0x00000002   PAD
    0x0800218c   0x0800218c   0x00000006   Code   RO         1423    .text.TMR_ClearIntFlag  apm32f10x_tmr.o
    0x08002192   0x08002192   0x00000002   PAD
    0x08002194   0x08002194   0x00000004   Code   RO         1389    .text.TMR_ConfigCompare1  apm32f10x_tmr.o
    0x08002198   0x08002198   0x00000004   Code   RO         1391    .text.TMR_ConfigCompare2  apm32f10x_tmr.o
    0x0800219c   0x0800219c   0x00000004   Code   RO         1393    .text.TMR_ConfigCompare3  apm32f10x_tmr.o
    0x080021a0   0x080021a0   0x00000094   Code   RO         1225    .text.TMR_ConfigOC1  apm32f10x_tmr.o
    0x08002234   0x08002234   0x00000012   Code   RO         1319    .text.TMR_ConfigOC1Preload  apm32f10x_tmr.o
    0x08002246   0x08002246   0x00000002   PAD
    0x08002248   0x08002248   0x000000c4   Code   RO         1227    .text.TMR_ConfigOC2  apm32f10x_tmr.o
    0x0800230c   0x0800230c   0x00000012   Code   RO         1321    .text.TMR_ConfigOC2Preload  apm32f10x_tmr.o
    0x0800231e   0x0800231e   0x00000002   PAD
    0x08002320   0x08002320   0x000000d4   Code   RO         1229    .text.TMR_ConfigOC3  apm32f10x_tmr.o
    0x080023f4   0x080023f4   0x00000012   Code   RO         1323    .text.TMR_ConfigOC3Preload  apm32f10x_tmr.o
    0x08002406   0x08002406   0x00000002   PAD
    0x08002408   0x08002408   0x000000de   Code   RO         1223    .text.TMR_ConfigTimeBase  apm32f10x_tmr.o
    0x080024e6   0x080024e6   0x00000002   PAD
    0x080024e8   0x080024e8   0x0000000a   Code   RO         1413    .text.TMR_DisableInterrupt  apm32f10x_tmr.o
    0x080024f2   0x080024f2   0x00000002   PAD
    0x080024f4   0x080024f4   0x0000000a   Code   RO         1259    .text.TMR_Enable    apm32f10x_tmr.o
    0x080024fe   0x080024fe   0x00000002   PAD
    0x08002500   0x08002500   0x0000000a   Code   RO         1303    .text.TMR_EnableAutoReload  apm32f10x_tmr.o
    0x0800250a   0x0800250a   0x00000002   PAD
    0x0800250c   0x0800250c   0x00000008   Code   RO         1411    .text.TMR_EnableInterrupt  apm32f10x_tmr.o
    0x08002514   0x08002514   0x0000000a   Code   RO         1381    .text.TMR_EnableMasterSlaveMode  apm32f10x_tmr.o
    0x0800251e   0x0800251e   0x00000002   PAD
    0x08002520   0x08002520   0x0000000a   Code   RO         1265    .text.TMR_EnablePWMOutputs  apm32f10x_tmr.o
    0x0800252a   0x0800252a   0x00000002   PAD
    0x0800252c   0x0800252c   0x00000014   Code   RO         1421    .text.TMR_ReadIntFlag  apm32f10x_tmr.o
    0x08002540   0x08002540   0x0000001a   Code   RO         1279    .text.TMR_SelectInputTrigger  apm32f10x_tmr.o
    0x0800255a   0x0800255a   0x00000002   PAD
    0x0800255c   0x0800255c   0x00000012   Code   RO         1377    .text.TMR_SelectOutputTrigger  apm32f10x_tmr.o
    0x0800256e   0x0800256e   0x00000002   PAD
    0x08002570   0x08002570   0x0000000a   Code   RO         1379    .text.TMR_SelectSlaveMode  apm32f10x_tmr.o
    0x0800257a   0x0800257a   0x00000002   PAD
    0x0800257c   0x0800257c   0x00000098   Code   RO         1435    .text.USART_Config  apm32f10x_usart.o
    0x08002614   0x08002614   0x00000014   Code   RO         1437    .text.USART_ConfigStructInit  apm32f10x_usart.o
    0x08002628   0x08002628   0x0000000a   Code   RO         1443    .text.USART_Enable  apm32f10x_usart.o
    0x08002632   0x08002632   0x00000002   PAD
    0x08002634   0x08002634   0x00000008   Code   RO         1447    .text.USART_EnableDMA  apm32f10x_usart.o
    0x0800263c   0x0800263c   0x00000002   Code   RO         1575    .text.UsageFault_Handler  apm32f10x_int.o
    0x0800263e   0x0800263e   0x00000002   PAD
    0x08002640   0x08002640   0x0000001e   Code   RO         1588    .text.app_10ms_task  freertos_task.o
    0x0800265e   0x0800265e   0x00000002   PAD
    0x08002660   0x08002660   0x00000062   Code   RO         1586    .text.app_1ms_task  freertos_task.o
    0x080026c2   0x080026c2   0x00000002   PAD
    0x080026c4   0x080026c4   0x0000005e   Code   RO         1716    .text.bsp_Qc_Init   bsp_qc.o
    0x08002722   0x08002722   0x00000002   PAD
    0x08002724   0x08002724   0x000000e2   Code   RO         1720    .text.bsp_Qc_Inveigle_12V  bsp_qc.o
    0x08002806   0x08002806   0x00000002   PAD
    0x08002808   0x08002808   0x00000062   Code   RO         1718    .text.bsp_Qc_Inveigle_9V  bsp_qc.o
    0x0800286a   0x0800286a   0x00000002   PAD
    0x0800286c   0x0800286c   0x000000b0   Code   RO         1664    .text.bsp_adc_fast_config  bsp_adc.o
    0x0800291c   0x0800291c   0x00000020   Code   RO         1674    .text.bsp_adc_get_clock  bsp_adc.o
    0x0800293c   0x0800293c   0x0000007c   Code   RO         1684    .text.bsp_adc_get_continue_data  bsp_adc.o
    0x080029b8   0x080029b8   0x00000058   Code   RO         1680    .text.bsp_adc_get_value  bsp_adc.o
    0x08002a10   0x08002a10   0x00000078   Code   RO         1670    .text.bsp_adc_init  bsp_adc.o
    0x08002a88   0x08002a88   0x000000e8   Code   RO         1666    .text.bsp_adc_slow_config  bsp_adc.o
    0x08002b70   0x08002b70   0x000000e6   Code   RO         1682    .text.bsp_adc_switch_group  bsp_adc.o
    0x08002c56   0x08002c56   0x00000002   PAD
    0x08002c58   0x08002c58   0x0000001c   Code   RO         1737    .text.bsp_irq_enable  bsp_irq.o
    0x08002c74   0x08002c74   0x00000046   Code   RO         1733    .text.bsp_irq_init  bsp_irq.o
    0x08002cba   0x08002cba   0x00000002   PAD
    0x08002cbc   0x08002cbc   0x0000000c   Code   RO         1739    .text.bsp_irq_set_callback  bsp_irq.o
    0x08002cc8   0x08002cc8   0x00000028   Code   RO         1631    .text.bsp_pwm_enable  bsp_pwm.o
    0x08002cf0   0x08002cf0   0x0000000e   Code   RO         1641    .text.bsp_pwm_get_arr  bsp_pwm.o
    0x08002cfe   0x08002cfe   0x00000002   PAD
    0x08002d00   0x08002d00   0x0000000a   Code   RO         1643    .text.bsp_pwm_get_clock  bsp_pwm.o
    0x08002d0a   0x08002d0a   0x00000002   PAD
    0x08002d0c   0x08002d0c   0x0000013e   Code   RO         1629    .text.bsp_pwm_init  bsp_pwm.o
    0x08002e4a   0x08002e4a   0x00000002   PAD
    0x08002e4c   0x08002e4c   0x0000000c   Code   RO         1639    .text.bsp_pwm_set_arr  bsp_pwm.o
    0x08002e58   0x08002e58   0x0000000c   Code   RO         1645    .text.bsp_pwm_set_callback  bsp_pwm.o
    0x08002e64   0x08002e64   0x0000000c   Code   RO         1633    .text.bsp_pwm_set_half_bridge1_pulse  bsp_pwm.o
    0x08002e70   0x08002e70   0x0000000c   Code   RO         1635    .text.bsp_pwm_set_half_bridge2_pulse  bsp_pwm.o
    0x08002e7c   0x08002e7c   0x0000000c   Code   RO         1637    .text.bsp_pwm_set_phase  bsp_pwm.o
    0x08002e88   0x08002e88   0x0000004a   Code   RO         1755    .text.bsp_timer_init  bsp_timer.o
    0x08002ed2   0x08002ed2   0x00000002   PAD
    0x08002ed4   0x08002ed4   0x0000000c   Code   RO         1753    .text.bsp_timer_set_callback  bsp_timer.o
    0x08002ee0   0x08002ee0   0x000000dc   Code   RO         1605    .text.bsp_uart_init  bsp_uart.o
    0x08002fbc   0x08002fbc   0x0000008a   Code   RO         1615    .text.bsp_uart_printf  bsp_uart.o
    0x08003046   0x08003046   0x00000002   PAD
    0x08003048   0x08003048   0x0000006c   Code   RO         2349    .text.goto_selection  wlc_app.o
    0x080030b4   0x080030b4   0x0000002a   Code   RO         2428    .text.handle_ce_packet  qi_power_transfer.o
    0x080030de   0x080030de   0x00000002   PAD
    0x080030e0   0x080030e0   0x000000ea   Code   RO         2357    .text.handle_idconfig_phase  wlc_app.o
    0x080031ca   0x080031ca   0x00000002   PAD
    0x080031cc   0x080031cc   0x0000007a   Code   RO         2359    .text.handle_negotiation_phase  wlc_app.o
    0x08003246   0x08003246   0x00000002   PAD
    0x08003248   0x08003248   0x0000007a   Code   RO         2355    .text.handle_ping_phase  wlc_app.o
    0x080032c2   0x080032c2   0x00000002   PAD
    0x080032c4   0x080032c4   0x000000b4   Code   RO         2361    .text.handle_power_transfer_phase  wlc_app.o
    0x08003378   0x08003378   0x00000060   Code   RO         2430    .text.handle_rp8_packet  qi_power_transfer.o
    0x080033d8   0x080033d8   0x00000062   Code   RO         2353    .text.handle_selection_phase  wlc_app.o
    0x0800343a   0x0800343a   0x00000002   PAD
    0x0800343c   0x0800343c   0x0000000e   Code   RO         1558    .text.main          main.o
    0x0800344a   0x0800344a   0x00000002   PAD
    0x0800344c   0x0800344c   0x00000064   Code   RO         2379    .text.parse_device_type  qi_idconfig.o
    0x080034b0   0x080034b0   0x000000a6   Code   RO         1910    .text.prvAddCurrentTaskToDelayedList  tasks.o
    0x08003556   0x08003556   0x00000002   PAD
    0x08003558   0x08003558   0x00000076   Code   RO         1932    .text.prvIdleTask   tasks.o
    0x080035ce   0x080035ce   0x00000002   PAD
    0x080035d0   0x080035d0   0x00000020   Code   RO         2109    .text.prvPortStartFirstTask  port.o
    0x080035f0   0x080035f0   0x000000b8   Code   RO         2054    .text.prvSampleTimeNow  timers.o
    0x080036a8   0x080036a8   0x00000022   Code   RO         2101    .text.prvTaskExitError  port.o
    0x080036ca   0x080036ca   0x00000002   PAD
    0x080036cc   0x080036cc   0x00000230   Code   RO         2026    .text.prvTimerTask  timers.o
    0x080038fc   0x080038fc   0x00000074   Code   RO         1828    .text.prvUnlockQueue  queue.o
    0x08003970   0x08003970   0x0000005a   Code   RO         2434    .text.pt_stop_internal  qi_power_transfer.o
    0x080039ca   0x080039ca   0x00000002   PAD
    0x080039cc   0x080039cc   0x00000188   Code   RO         2071    .text.pvPortMalloc  heap_4.o
    0x08003b54   0x08003b54   0x00000020   Code   RO         2099    .text.pxPortInitialiseStack  port.o
    0x08003b74   0x08003b74   0x00000016   Code   RO         2343    .text.qi_app_get_rxdevice  wlc_app.o
    0x08003b8a   0x08003b8a   0x00000002   PAD
    0x08003b8c   0x08003b8c   0x00000016   Code   RO         2345    .text.qi_app_get_vin_state  wlc_app.o
    0x08003ba2   0x08003ba2   0x00000002   PAD
    0x08003ba4   0x08003ba4   0x00000014   Code   RO         2383    .text.qi_idconfig_get_mode  qi_idconfig.o
    0x08003bb8   0x08003bb8   0x00000028   Code   RO         2373    .text.qi_idconfig_init  qi_idconfig.o
    0x08003be0   0x08003be0   0x000001f0   Code   RO         2377    .text.qi_idconfig_process  qi_idconfig.o
    0x08003dd0   0x08003dd0   0x00000006   Code   RO         2381    .text.qi_idconfig_response_callback  qi_idconfig.o
    0x08003dd6   0x08003dd6   0x00000002   PAD
    0x08003dd8   0x08003dd8   0x00000028   Code   RO         2375    .text.qi_idconfig_start  qi_idconfig.o
    0x08003e00   0x08003e00   0x00000040   Code   RO         2402    .text.qi_negotiation_init  qi_negotiation.o
    0x08003e40   0x08003e40   0x0000001e   Code   RO         2410    .text.qi_negtiation_callback  qi_negotiation.o
    0x08003e5e   0x08003e5e   0x00000002   PAD
    0x08003e60   0x08003e60   0x00000040   Code   RO         2406    .text.qi_negtiation_parse_fod_data  qi_negotiation.o
    0x08003ea0   0x08003ea0   0x0000013c   Code   RO         2408    .text.qi_negtiation_parse_specific_request_data  qi_negotiation.o
    0x08003fdc   0x08003fdc   0x00000228   Code   RO         2404    .text.qi_negtiation_process  qi_negotiation.o
    0x08004204   0x08004204   0x0000005a   Code   RO         2260    .text.qi_ping_init  qi_ping.o
    0x0800425e   0x0800425e   0x00000002   PAD
    0x08004260   0x08004260   0x00000128   Code   RO         2270    .text.qi_ping_process  qi_ping.o
    0x08004388   0x08004388   0x00000002   Code   RO         2262    .text.qi_ping_set_power_level  qi_ping.o
    0x0800438a   0x0800438a   0x00000002   PAD
    0x0800438c   0x0800438c   0x00000084   Code   RO         2264    .text.qi_ping_start  qi_ping.o
    0x08004410   0x08004410   0x0000005a   Code   RO         2266    .text.qi_ping_stop  qi_ping.o
    0x0800446a   0x0800446a   0x00000002   PAD
    0x0800446c   0x0800446c   0x0000004c   Code   RO         2268    .text.qi_ping_stop_keep_power  qi_ping.o
    0x080044b8   0x080044b8   0x00000138   Code   RO         2304    .text.qi_power_adjust_ce  qi_power_delivery.o
    0x080045f0   0x080045f0   0x000000e4   Code   RO         2296    .text.qi_power_init  qi_power_delivery.o
    0x080046d4   0x080046d4   0x00000044   Code   RO         2300    .text.qi_power_off  qi_power_delivery.o
    0x08004718   0x08004718   0x00000062   Code   RO         2298    .text.qi_power_set_digital_ping  qi_power_delivery.o
    0x0800477a   0x0800477a   0x00000002   PAD
    0x0800477c   0x0800477c   0x00000158   Code   RO         2302    .text.qi_power_set_level  qi_power_delivery.o
    0x080048d4   0x080048d4   0x00000060   Code   RO         2422    .text.qi_pt_init    qi_power_transfer.o
    0x08004934   0x08004934   0x000002a4   Code   RO         2432    .text.qi_pt_parse_power_24bit  qi_power_transfer.o
    0x08004bd8   0x08004bd8   0x000001d8   Code   RO         2426    .text.qi_pt_process  qi_power_transfer.o
    0x08004db0   0x08004db0   0x00000008   Code   RO         2444    .text.qi_pt_response_callback  qi_power_transfer.o
    0x08004db8   0x08004db8   0x00000052   Code   RO         2424    .text.qi_pt_start   qi_power_transfer.o
    0x08004e0a   0x08004e0a   0x00000002   PAD
    0x08004e0c   0x08004e0c   0x000000ac   Code   RO         2240    .text.qi_response   qi_response.o
    0x08004eb8   0x08004eb8   0x000000a4   Code   RO         2248    .text.qi_response_active  qi_response.o
    0x08004f5c   0x08004f5c   0x00000050   Code   RO         2244    .text.qi_response_init  qi_response.o
    0x08004fac   0x08004fac   0x00000030   Code   RO         2242    .text.qi_response_set_fsk_params  qi_response.o
    0x08004fdc   0x08004fdc   0x00000016   Code   RO         2459    .text.ring_buffer_empty  ring_buffer.o
    0x08004ff2   0x08004ff2   0x00000002   PAD
    0x08004ff4   0x08004ff4   0x00000026   Code   RO         2461    .text.ring_buffer_full  ring_buffer.o
    0x0800501a   0x0800501a   0x00000002   PAD
    0x0800501c   0x0800501c   0x00000042   Code   RO         2465    .text.ring_buffer_get  ring_buffer.o
    0x0800505e   0x0800505e   0x00000002   PAD
    0x08005060   0x08005060   0x00000012   Code   RO         2457    .text.ring_buffer_init  ring_buffer.o
    0x08005072   0x08005072   0x00000002   PAD
    0x08005074   0x08005074   0x00000022   Code   RO         2469    .text.ring_buffer_linear_block_size  ring_buffer.o
    0x08005096   0x08005096   0x00000002   PAD
    0x08005098   0x08005098   0x0000003a   Code   RO         2463    .text.ring_buffer_put  ring_buffer.o
    0x080050d2   0x080050d2   0x00000002   PAD
    0x080050d4   0x080050d4   0x000000a4   Code   RO         1609    .text.start_dma_transmission  bsp_uart.o
    0x08005178   0x08005178   0x00000084   Code   RO         2487    .text.tomato_calibration_calculate_ploss  Tomato_wlc.lib(qi_calibration.o)
    0x080051fc   0x080051fc   0x00000076   Code   RO         2485    .text.tomato_calibration_get_aligned_power  Tomato_wlc.lib(qi_calibration.o)
    0x08005272   0x08005272   0x00000002   PAD
    0x08005274   0x08005274   0x00000028   Code   RO         2479    .text.tomato_calibration_init  Tomato_wlc.lib(qi_calibration.o)
    0x0800529c   0x0800529c   0x000000b0   Code   RO         2481    .text.tomato_calibration_mainfunction  Tomato_wlc.lib(qi_calibration.o)
    0x0800534c   0x0800534c   0x000002dc   Code   RO         2483    .text.tomato_calibration_points_data  Tomato_wlc.lib(qi_calibration.o)
    0x08005628   0x08005628   0x0000000e   Code   RO         2503    .text.tomato_wlc_clear_fsk_flag  Tomato_wlc.lib(tomato_fsk.o)
    0x08005636   0x08005636   0x00000002   PAD
    0x08005638   0x08005638   0x0000005a   Code   RO         2509    .text.tomato_wlc_fsk_byte_response  Tomato_wlc.lib(tomato_fsk.o)
    0x08005692   0x08005692   0x00000002   PAD
    0x08005694   0x08005694   0x00000082   Code   RO         2507    .text.tomato_wlc_fsk_irq_callback  Tomato_wlc.lib(tomato_fsk.o)
    0x08005716   0x08005716   0x00000002   PAD
    0x08005718   0x08005718   0x00000090   Code   RO         2505    .text.tomato_wlc_fsk_send_msg  Tomato_wlc.lib(tomato_fsk.o)
    0x080057a8   0x080057a8   0x0000000c   Code   RO         2499    .text.tomato_wlc_fsk_set_depth  Tomato_wlc.lib(tomato_fsk.o)
    0x080057b4   0x080057b4   0x0000000c   Code   RO         2501    .text.tomato_wlc_get_fsk_flag  Tomato_wlc.lib(tomato_fsk.o)
    0x080057c0   0x080057c0   0x00000024   Code   RO         1802    .text.uxListRemove  list.o
    0x080057e4   0x080057e4   0x00000016   Code   RO         1794    .text.vListInitialise  list.o
    0x080057fa   0x080057fa   0x00000002   PAD
    0x080057fc   0x080057fc   0x00000006   Code   RO         1796    .text.vListInitialiseItem  list.o
    0x08005802   0x08005802   0x00000002   PAD
    0x08005804   0x08005804   0x0000003a   Code   RO         1800    .text.vListInsert   list.o
    0x0800583e   0x0800583e   0x00000002   PAD
    0x08005840   0x08005840   0x0000001c   Code   RO         1798    .text.vListInsertEnd  list.o
    0x0800585c   0x0800585c   0x00000020   Code   RO         2113    .text.vPortEnterCritical  port.o
    0x0800587c   0x0800587c   0x0000001a   Code   RO         2115    .text.vPortExitCritical  port.o
    0x08005896   0x08005896   0x00000002   PAD
    0x08005898   0x08005898   0x000000b0   Code   RO         2073    .text.vPortFree     heap_4.o
    0x08005948   0x08005948   0x0000001e   Code   RO         2107    .text.vPortSetupTimerInterrupt  port.o
    0x08005966   0x08005966   0x00000002   PAD
    0x08005968   0x08005968   0x00000046   Code   RO         1854    .text.vQueueWaitForMessageRestricted  queue.o
    0x080059ae   0x080059ae   0x00000002   PAD
    0x080059b0   0x080059b0   0x0000001a   Code   RO         1960    .text.vTaskInternalSetTimeOutState  tasks.o
    0x080059ca   0x080059ca   0x00000002   PAD
    0x080059cc   0x080059cc   0x0000000e   Code   RO         1964    .text.vTaskMissedYield  tasks.o
    0x080059da   0x080059da   0x00000002   PAD
    0x080059dc   0x080059dc   0x00000020   Code   RO         1948    .text.vTaskPlaceOnEventList  tasks.o
    0x080059fc   0x080059fc   0x0000002a   Code   RO         1952    .text.vTaskPlaceOnEventListRestricted  tasks.o
    0x08005a26   0x08005a26   0x00000002   PAD
    0x08005a28   0x08005a28   0x00000084   Code   RO         1930    .text.vTaskStartScheduler  tasks.o
    0x08005aac   0x08005aac   0x00000010   Code   RO         1908    .text.vTaskSuspendAll  tasks.o
    0x08005abc   0x08005abc   0x0000006c   Code   RO         1924    .text.vTaskSwitchContext  tasks.o
    0x08005b28   0x08005b28   0x000000a0   Code   RO         2351    .text.wlc_app_data_received_callback  wlc_app.o
    0x08005bc8   0x08005bc8   0x00000054   Code   RO         2339    .text.wlc_app_get_current  wlc_app.o
    0x08005c1c   0x08005c1c   0x0000001e   Code   RO         2333    .text.wlc_app_get_reference_power  wlc_app.o
    0x08005c3a   0x08005c3a   0x00000002   PAD
    0x08005c3c   0x08005c3c   0x0000006e   Code   RO         2337    .text.wlc_app_get_vin  wlc_app.o
    0x08005caa   0x08005caa   0x00000002   PAD
    0x08005cac   0x08005cac   0x000000f4   Code   RO         2341    .text.wlc_app_init  wlc_app.o
    0x08005da0   0x08005da0   0x00000090   Code   RO         2347    .text.wlc_app_task  wlc_app.o
    0x08005e30   0x08005e30   0x0000003e   Code   RO         2181    .text.wlc_ask_demod_enable  wlc_physical.o
    0x08005e6e   0x08005e6e   0x00000002   PAD
    0x08005e70   0x08005e70   0x000003a0   Code   RO         2183    .text.wlc_ask_demod_handler  wlc_physical.o
    0x08006210   0x08006210   0x00000014   Code   RO         2142    .text.wlc_lib_adc_get_value  wlc_lib.o
    0x08006224   0x08006224   0x00000004   Code   RO         2136    .text.wlc_lib_ask_handle_int  wlc_lib.o
    0x08006228   0x08006228   0x00000004   Code   RO         2132    .text.wlc_lib_handler  wlc_lib.o
    0x0800622c   0x0800622c   0x00000050   Code   RO         2130    .text.wlc_lib_init  wlc_lib.o
    0x0800627c   0x0800627c   0x00000012   Code   RO         2162    .text.wlc_lib_irq_enable  wlc_lib.o
    0x0800628e   0x0800628e   0x00000002   PAD
    0x08006290   0x08006290   0x0000002e   Code   RO         2164    .text.wlc_lib_printf  wlc_lib.o
    0x080062be   0x080062be   0x00000002   PAD
    0x080062c0   0x080062c0   0x00000012   Code   RO         2148    .text.wlc_lib_pwm_enable  wlc_lib.o
    0x080062d2   0x080062d2   0x00000002   PAD
    0x080062d4   0x080062d4   0x00000014   Code   RO         2146    .text.wlc_lib_pwm_get_clock  wlc_lib.o
    0x080062e8   0x080062e8   0x00000014   Code   RO         2168    .text.wlc_lib_pwm_get_freq  wlc_lib.o
    0x080062fc   0x080062fc   0x00000012   Code   RO         2152    .text.wlc_lib_pwm_set_arr  wlc_lib.o
    0x0800630e   0x0800630e   0x00000002   PAD
    0x08006310   0x08006310   0x00000012   Code   RO         2150    .text.wlc_lib_pwm_set_callback  wlc_lib.o
    0x08006322   0x08006322   0x00000002   PAD
    0x08006324   0x08006324   0x00000014   Code   RO         2170    .text.wlc_lib_pwm_set_freq  wlc_lib.o
    0x08006338   0x08006338   0x00000012   Code   RO         2156    .text.wlc_lib_pwm_set_half_bridge1_pulse  wlc_lib.o
    0x0800634a   0x0800634a   0x00000002   PAD
    0x0800634c   0x0800634c   0x00000012   Code   RO         2158    .text.wlc_lib_pwm_set_half_bridge2_pulse  wlc_lib.o
    0x0800635e   0x0800635e   0x00000002   PAD
    0x08006360   0x08006360   0x00000012   Code   RO         2160    .text.wlc_lib_pwm_set_phase  wlc_lib.o
    0x08006372   0x08006372   0x00000002   PAD
    0x08006374   0x08006374   0x00000004   Code   RO         2134    .text.wlc_lib_timer_handle_int  wlc_lib.o
    0x08006378   0x08006378   0x0000002e   Code   RO         2166    .text.wlc_lib_uart_printf  wlc_lib.o
    0x080063a6   0x080063a6   0x00000002   PAD
    0x080063a8   0x080063a8   0x0000000c   Code   RO         2203    .text.wlc_pwm_server_get_arr  wlc_power_bridge.o
    0x080063b4   0x080063b4   0x00000064   Code   RO         2199    .text.wlc_pwm_server_irq_callback  wlc_power_bridge.o
    0x08006418   0x08006418   0x00000060   Code   RO         2201    .text.wlc_pwm_server_start_full_bridge  wlc_power_bridge.o
    0x08006478   0x08006478   0x00000058   Code   RO         2197    .text.wlc_pwm_server_start_half_bridge  wlc_power_bridge.o
    0x080064d0   0x080064d0   0x0000003a   Code   RO         2195    .text.wlc_pwm_server_stop_output  wlc_power_bridge.o
    0x0800650a   0x0800650a   0x00000002   PAD
    0x0800650c   0x0800650c   0x00000046   Code   RO         2222    .text.wlc_timer_create  wlc_timer.o
    0x08006552   0x08006552   0x00000002   PAD
    0x08006554   0x08006554   0x00000026   Code   RO         2228    .text.wlc_timer_destroy  wlc_timer.o
    0x0800657a   0x0800657a   0x00000002   PAD
    0x0800657c   0x0800657c   0x0000000c   Code   RO         2220    .text.wlc_timer_get_timestamp  wlc_timer.o
    0x08006588   0x08006588   0x0000004c   Code   RO         2224    .text.wlc_timer_is_expired  wlc_timer.o
    0x080065d4   0x080065d4   0x00000010   Code   RO         2218    .text.wlc_timer_isr_callback  wlc_timer.o
    0x080065e4   0x080065e4   0x00000054   Code   RO         2105    .text.xPortStartScheduler  port.o
    0x08006638   0x08006638   0x00000060   Code   RO         1814    .text.xQueueGenericCreate  queue.o
    0x08006698   0x08006698   0x000001a6   Code   RO         1820    .text.xQueueGenericSend  queue.o
    0x0800683e   0x0800683e   0x00000002   PAD
    0x08006840   0x08006840   0x0000014c   Code   RO         1834    .text.xQueueReceive  queue.o
    0x0800698c   0x0800698c   0x00000060   Code   RO         1962    .text.xTaskCheckForTimeOut  tasks.o
    0x080069ec   0x080069ec   0x000001d6   Code   RO         1902    .text.xTaskCreate   tasks.o
    0x08006bc2   0x08006bc2   0x00000002   PAD
    0x08006bc4   0x08006bc4   0x000000e6   Code   RO         1906    .text.xTaskDelayUntil  tasks.o
    0x08006caa   0x08006caa   0x00000002   PAD
    0x08006cac   0x08006cac   0x00000026   Code   RO         1968    .text.xTaskGetSchedulerState  tasks.o
    0x08006cd2   0x08006cd2   0x00000002   PAD
    0x08006cd4   0x08006cd4   0x0000000c   Code   RO         1938    .text.xTaskGetTickCount  tasks.o
    0x08006ce0   0x08006ce0   0x0000015c   Code   RO         1936    .text.xTaskIncrementTick  tasks.o
    0x08006e3c   0x08006e3c   0x0000007a   Code   RO         1972    .text.xTaskPriorityDisinherit  tasks.o
    0x08006eb6   0x08006eb6   0x00000002   PAD
    0x08006eb8   0x08006eb8   0x0000007c   Code   RO         1954    .text.xTaskRemoveFromEventList  tasks.o
    0x08006f34   0x08006f34   0x0000011a   Code   RO         1912    .text.xTaskResumeAll  tasks.o
    0x0800704e   0x0800704e   0x00000002   PAD
    0x08007050   0x08007050   0x0000008c   Code   RO         2024    .text.xTimerCreateTimerTask  timers.o
    0x080070dc   0x080070dc   0x0000003e   Code   RO         2712    CL$$btod_d2e        c_w.l(btod.o)
    0x0800711a   0x0800711a   0x00000046   Code   RO         2714    CL$$btod_d2e_denorm_low  c_w.l(btod.o)
    0x08007160   0x08007160   0x00000060   Code   RO         2713    CL$$btod_d2e_norm_op1  c_w.l(btod.o)
    0x080071c0   0x080071c0   0x00000338   Code   RO         2722    CL$$btod_div_common  c_w.l(btod.o)
    0x080074f8   0x080074f8   0x000000dc   Code   RO         2719    CL$$btod_e2e        c_w.l(btod.o)
    0x080075d4   0x080075d4   0x0000002a   Code   RO         2716    CL$$btod_ediv       c_w.l(btod.o)
    0x080075fe   0x080075fe   0x0000002a   Code   RO         2715    CL$$btod_emul       c_w.l(btod.o)
    0x08007628   0x08007628   0x00000244   Code   RO         2721    CL$$btod_mult_common  c_w.l(btod.o)
    0x0800786c   0x0800786c   0x00000028   Code   RO         2753    i.__ARM_fpclassify  m_ws.l(fpclassify.o)
    0x08007894   0x08007894   0x0000000e   Code   RO         2613    i._is_digit         c_w.l(__printf_wp.o)
    0x080078a2   0x080078a2   0x00000002   PAD
    0x080078a4   0x080078a4   0x0000002c   Code   RO         2737    locale$$code        c_w.l(lc_numeric_c.o)
    0x080078d0   0x080078d0   0x0000002c   Code   RO         2765    locale$$code        c_w.l(lc_ctype_c.o)
    0x080078fc   0x080078fc   0x0000005e   Code   RO         2536    x$fpl$dfix          fz_ws.l(dfix.o)
    0x0800795a   0x0800795a   0x00000026   Code   RO         2540    x$fpl$dfltu         fz_ws.l(dflt_clz.o)
    0x08007980   0x08007980   0x00000154   Code   RO         2546    x$fpl$dmul          fz_ws.l(dmul.o)
    0x08007ad4   0x08007ad4   0x0000009c   Code   RO         2648    x$fpl$dnaninf       fz_ws.l(dnaninf.o)
    0x08007b70   0x08007b70   0x0000000c   Code   RO         2650    x$fpl$dretinf       fz_ws.l(dretinf.o)
    0x08007b7c   0x08007b7c   0x00000004   Code   RO         2652    x$fpl$printf1       fz_ws.l(printf1.o)
    0x08007b80   0x08007b80   0x00000004   Code   RO         2654    x$fpl$printf2       fz_ws.l(printf2.o)
    0x08007b84   0x08007b84   0x00000000   Code   RO         2660    x$fpl$usenofp       fz_ws.l(usenofp.o)
    0x08007b84   0x08007b84   0x00000008   Data   RO         2572    .constdata          c_w.l(_printf_wctomb.o)
    0x08007b8c   0x08007b8c   0x00000028   Data   RO         2601    .constdata          c_w.l(_printf_hex_int_ll_ptr.o)
    0x08007bb4   0x08007bb4   0x00000011   Data   RO         2621    .constdata          c_w.l(__printf_flags_ss_wp.o)
    0x08007bc5   0x08007bc5   0x00000026   Data   RO         2687    .constdata          c_w.l(_printf_fp_hex.o)
    0x08007beb   0x08007beb   0x00000001   PAD
    0x08007bec   0x08007bec   0x00000094   Data   RO         2710    .constdata          c_w.l(bigflt0.o)
    0x08007c80   0x08007c80   0x0000000c   Data   RO         2448    .rodata..L__const.pt_set_state.state_names  qi_power_transfer.o
    0x08007c8c   0x08007c8c   0x00000006   Data   RO         2512    .rodata..Lswitch.table.tomato_wlc_fsk_byte_response  Tomato_wlc.lib(tomato_fsk.o)
    0x08007c92   0x08007c92   0x00000010   Data   RO          859    .rodata.cst16       apm32f10x_rcm.o
    0x08007ca2   0x08007ca2   0x00000008   Data   RO          860    .rodata.cst8        apm32f10x_rcm.o
    0x08007caa   0x08007caa   0x00000046   Data   RO         2250    .rodata.str1.1      qi_response.o
    0x08007cf0   0x08007cf0   0x00000054   Data   RO         2317    .rodata.str1.1      qi_power_delivery.o
    0x08007d44   0x08007d44   0x00000052   Data   RO         2364    .rodata.str1.1      wlc_app.o
    0x08007d96   0x08007d96   0x00000025   Data   RO         2412    .rodata.str1.1      qi_negotiation.o
    0x08007dbb   0x08007dbb   0x00000061   Data   RO         2447    .rodata.str1.1      qi_power_transfer.o
    0x08007e1c   0x08007e1c   0x0000013e   Data   RO         2490    .rodata.str1.1      Tomato_wlc.lib(qi_calibration.o)
    0x08007f5a   0x08007f5a   0x00000002   PAD
    0x08007f5c   0x08007f5c   0x00000004   Data   RO         1995    .rodata.uxTopUsedPriority  tasks.o
    0x08007f60   0x08007f60   0x00000020   Data   RO         2900    Region$$Table       anon$$obj.o
    0x08007f80   0x08007f80   0x0000001c   Data   RO         2736    locale$$data        c_w.l(lc_numeric_c.o)
    0x08007f9c   0x08007f9c   0x00000110   Data   RO         2764    locale$$data        c_w.l(lc_ctype_c.o)


    Execution Region RW_IRAM1 (Exec base: 0x20000000, Load base: 0x080080b0, Size: 0x00004298, Max: 0x00005000, ABSOLUTE)

    Exec Addr    Load Addr    Size         Type   Attr      Idx    E Section Name        Object

    0x20000000   0x080080b0   0x00000004   Data   RW         1724    .data.gpio          bsp_qc.o
    0x20000004   0x080080b4   0x00000004   Data   RW         2121    .data.uxCriticalNesting  port.o
    0x20000008   0x080080b8   0x00000038   Data   RW         1592    .data.wlc_lib_datas  freertos_task.o
    0x20000040        -       0x00000060   Zero   RW         2756    .bss                c_w.l(libspace.o)
    0x200000a0        -       0x00000004   Zero   RW         1744    .bss.Capturetime_callevelwidth.last_time.0  bsp_irq.o
    0x200000a4        -       0x00000400   Zero   RW         1688    .bss.DMA_FastADCBuffer  bsp_adc.o
    0x200004a4        -       0x00000006   Zero   RW         1689    .bss.DMA_SlowADCBuffer  bsp_adc.o
    0x200004aa        -       0x00000001   Zero   RW         1690    .bss.adc_initialized  bsp_adc.o
    0x200004ab   0x080080f0   0x00000001   PAD
    0x200004ac        -       0x00000004   Zero   RW         1596    .bss.app_10ms_Task_Handle  freertos_task.o
    0x200004b0        -       0x00000004   Zero   RW         1594    .bss.app_10ms_task.xLastWakeTime  freertos_task.o
    0x200004b4        -       0x00000004   Zero   RW         1595    .bss.app_1ms_Task_Handle  freertos_task.o
    0x200004b8        -       0x00000004   Zero   RW         1593    .bss.app_1ms_task.xLastWakeTime  freertos_task.o
    0x200004bc        -       0x00000002   Zero   RW         2186    .bss.ask_enable     wlc_physical.o
    0x200004be        -       0x0000004e   Zero   RW         2185    .bss.ask_handlers   wlc_physical.o
    0x2000050c        -       0x000000ac   Zero   RW         2489    .bss.calibration_mod  Tomato_wlc.lib(qi_calibration.o)
    0x200005b8        -       0x00000001   Zero   RW         1691    .bss.current_adc_group  bsp_adc.o
    0x200005b9        -       0x00000001   Zero   RW         1619    .bss.dma_transmitting  bsp_uart.o
    0x200005ba   0x080080f0   0x00000002   PAD
    0x200005bc        -       0x00000004   Zero   RW         1743    .bss.g_irq_callback  bsp_irq.o
    0x200005c0        -       0x00000004   Zero   RW         1651    .bss.g_pwm_callback  bsp_pwm.o
    0x200005c4        -       0x00000004   Zero   RW         1759    .bss.g_timer_callback  bsp_timer.o
    0x200005c8        -       0x00000078   Zero   RW         2231    .bss.hardwareTimers  wlc_timer.o
    0x20000640        -       0x00000001   Zero   RW         2391    .bss.idcfg_mod.0    qi_idconfig.o
    0x20000641        -       0x00000001   Zero   RW         2392    .bss.idcfg_mod.2    qi_idconfig.o
    0x20000642        -       0x00000001   Zero   RW         2393    .bss.idcfg_mod.3    qi_idconfig.o
    0x20000643   0x080080f0   0x00000001   PAD
    0x20000644        -       0x00000002   Zero   RW         1620    .bss.last_dma_buffer_size  bsp_uart.o
    0x20000646   0x080080f0   0x00000002   PAD
    0x20000648        -       0x00000010   Zero   RW         2413    .bss.neg_mod        qi_negotiation.o
    0x20000658        -       0x00000001   Zero   RW         2280    .bss.ping_mod.0     qi_ping.o
    0x20000659   0x080080f0   0x00000003   PAD
    0x2000065c        -       0x00000004   Zero   RW         2281    .bss.ping_mod.1     qi_ping.o
    0x20000660        -       0x00000001   Zero   RW         2282    .bss.ping_mod.2     qi_ping.o
    0x20000661   0x080080f0   0x00000003   PAD
    0x20000664        -       0x00000004   Zero   RW         2283    .bss.ping_mod.3     qi_ping.o
    0x20000668        -       0x00000004   Zero   RW         2284    .bss.ping_mod.5     qi_ping.o
    0x2000066c        -       0x00000004   Zero   RW         2285    .bss.ping_mod.6     qi_ping.o
    0x20000670        -       0x00000004   Zero   RW         2286    .bss.ping_mod.8     qi_ping.o
    0x20000674        -       0x00000004   Zero   RW         2287    .bss.ping_mod.9     qi_ping.o
    0x20000678        -       0x00000004   Zero   RW         2060    .bss.prvSampleTimeNow.xLastTime  timers.o
    0x2000067c        -       0x00000058   Zero   RW         2446    .bss.pt_mod         qi_power_transfer.o
    0x200006d4        -       0x00000002   Zero   RW         2306    .bss.pwr_ctrl.0     qi_power_delivery.o
    0x200006d6   0x080080f0   0x00000002   PAD
    0x200006d8        -       0x00000002   Zero   RW         2307    .bss.pwr_ctrl.1     qi_power_delivery.o
    0x200006da   0x080080f0   0x00000002   PAD
    0x200006dc        -       0x00000002   Zero   RW         2315    .bss.pwr_ctrl.10    qi_power_delivery.o
    0x200006de   0x080080f0   0x00000002   PAD
    0x200006e0        -       0x00000002   Zero   RW         2316    .bss.pwr_ctrl.11    qi_power_delivery.o
    0x200006e2   0x080080f0   0x00000002   PAD
    0x200006e4        -       0x00000002   Zero   RW         2308    .bss.pwr_ctrl.2     qi_power_delivery.o
    0x200006e6   0x080080f0   0x00000002   PAD
    0x200006e8        -       0x00000002   Zero   RW         2309    .bss.pwr_ctrl.3     qi_power_delivery.o
    0x200006ea   0x080080f0   0x00000002   PAD
    0x200006ec        -       0x00000002   Zero   RW         2310    .bss.pwr_ctrl.4     qi_power_delivery.o
    0x200006ee   0x080080f0   0x00000002   PAD
    0x200006f0        -       0x00000004   Zero   RW         2311    .bss.pwr_ctrl.5     qi_power_delivery.o
    0x200006f4        -       0x00000001   Zero   RW         2312    .bss.pwr_ctrl.7     qi_power_delivery.o
    0x200006f5   0x080080f0   0x00000001   PAD
    0x200006f6        -       0x00000001   Zero   RW         2313    .bss.pwr_ctrl.8     qi_power_delivery.o
    0x200006f7   0x080080f0   0x00000001   PAD
    0x200006f8        -       0x00000002   Zero   RW         2314    .bss.pwr_ctrl.9     qi_power_delivery.o
    0x200006fa   0x080080f0   0x00000002   PAD
    0x200006fc        -       0x00000004   Zero   RW         1994    .bss.pxCurrentTCB   tasks.o
    0x20000700        -       0x00000004   Zero   RW         2058    .bss.pxCurrentTimerList  timers.o
    0x20000704        -       0x00000004   Zero   RW         2011    .bss.pxDelayedTaskList  tasks.o
    0x20000708        -       0x00000004   Zero   RW         2083    .bss.pxEnd          heap_4.o
    0x2000070c        -       0x00000004   Zero   RW         2012    .bss.pxOverflowDelayedTaskList  tasks.o
    0x20000710        -       0x00000004   Zero   RW         2059    .bss.pxOverflowTimerList  timers.o
    0x20000714        -       0x000000a0   Zero   RW         1996    .bss.pxReadyTasksLists  tasks.o
    0x200007b4        -       0x00000004   Zero   RW         2320    .bss.qi_power_adjust_ce.ce_adjust_count  qi_power_delivery.o
    0x200007b8        -       0x00000001   Zero   RW         2318    .bss.qi_power_adjust_ce.last_error  qi_power_delivery.o
    0x200007b9        -       0x00000001   Zero   RW         2319    .bss.qi_power_adjust_ce.zero_count  qi_power_delivery.o
    0x200007ba   0x080080f0   0x00000002   PAD
    0x200007bc        -       0x00000018   Zero   RW         2251    .bss.resp_mod       qi_response.o
    0x200007d4        -       0x00000004   Zero   RW         2230    .bss.timer_tickcount  wlc_timer.o
    0x200007d8        -       0x00000058   Zero   RW         2511    .bss.tomato_wlc_fsk_data  Tomato_wlc.lib(tomato_fsk.o)
    0x20000830        -       0x00000400   Zero   RW         1618    .bss.tx_buffer      bsp_uart.o
    0x20000c30        -       0x0000000c   Zero   RW         1617    .bss.tx_ring_buffer  bsp_uart.o
    0x20000c3c        -       0x00002ee0   Zero   RW         2090    .bss.ucHeap         heap_4.o
    0x20003b1c        -       0x00000004   Zero   RW         2001    .bss.uxCurrentNumberOfTasks  tasks.o
    0x20003b20        -       0x00000004   Zero   RW         2000    .bss.uxDeletedTasksWaitingCleanUp  tasks.o
    0x20003b24        -       0x00000004   Zero   RW         2005    .bss.uxSchedulerSuspended  tasks.o
    0x20003b28        -       0x00000004   Zero   RW         1998    .bss.uxTaskNumber   tasks.o
    0x20003b2c        -       0x00000004   Zero   RW         1997    .bss.uxTopReadyPriority  tasks.o
    0x20003b30        -       0x00000054   Zero   RW         2363    .bss.wlc_ctx        wlc_app.o
    0x20003b84        -       0x00000038   Zero   RW         2172    .bss.wlc_lib_api    wlc_lib.o
    0x20003bbc        -       0x00000001   Zero   RW         2205    .bss.wlc_pwm_server_data.0  wlc_power_bridge.o
    0x20003bbd   0x080080f0   0x00000001   PAD
    0x20003bbe        -       0x00000002   Zero   RW         2206    .bss.wlc_pwm_server_data.1  wlc_power_bridge.o
    0x20003bc0        -       0x00000002   Zero   RW         2207    .bss.wlc_pwm_server_data.2  wlc_power_bridge.o
    0x20003bc2        -       0x00000002   Zero   RW         2208    .bss.wlc_pwm_server_data.3  wlc_power_bridge.o
    0x20003bc4        -       0x00000002   Zero   RW         2209    .bss.wlc_pwm_server_data.4  wlc_power_bridge.o
    0x20003bc6   0x080080f0   0x00000002   PAD
    0x20003bc8        -       0x00000014   Zero   RW         2061    .bss.xActiveTimerList1  timers.o
    0x20003bdc        -       0x00000014   Zero   RW         2062    .bss.xActiveTimerList2  timers.o
    0x20003bf0        -       0x00000001   Zero   RW         2084    .bss.xBlockAllocatedBit  heap_4.o
    0x20003bf1   0x080080f0   0x00000003   PAD
    0x20003bf4        -       0x00000014   Zero   RW         2014    .bss.xDelayedTaskList1  tasks.o
    0x20003c08        -       0x00000014   Zero   RW         2015    .bss.xDelayedTaskList2  tasks.o
    0x20003c1c        -       0x00000004   Zero   RW         2085    .bss.xFreeBytesRemaining  heap_4.o
    0x20003c20        -       0x00000004   Zero   RW         2008    .bss.xIdleTaskHandle  tasks.o
    0x20003c24        -       0x00000004   Zero   RW         2087    .bss.xMinimumEverFreeBytesRemaining  heap_4.o
    0x20003c28        -       0x00000004   Zero   RW         2009    .bss.xNextTaskUnblockTime  tasks.o
    0x20003c2c        -       0x00000004   Zero   RW         2013    .bss.xNumOfOverflows  tasks.o
    0x20003c30        -       0x00000004   Zero   RW         2088    .bss.xNumberOfSuccessfulAllocations  heap_4.o
    0x20003c34        -       0x00000004   Zero   RW         2089    .bss.xNumberOfSuccessfulFrees  heap_4.o
    0x20003c38        -       0x00000004   Zero   RW         2010    .bss.xPendedTicks   tasks.o
    0x20003c3c        -       0x00000014   Zero   RW         2007    .bss.xPendingReadyList  tasks.o
    0x20003c50        -       0x00000004   Zero   RW         2002    .bss.xSchedulerRunning  tasks.o
    0x20003c54        -       0x00000008   Zero   RW         2086    .bss.xStart         heap_4.o
    0x20003c5c        -       0x00000014   Zero   RW         2004    .bss.xSuspendedTaskList  tasks.o
    0x20003c70        -       0x00000014   Zero   RW         1999    .bss.xTasksWaitingTermination  tasks.o
    0x20003c84        -       0x00000004   Zero   RW         2003    .bss.xTickCount     tasks.o
    0x20003c88        -       0x00000004   Zero   RW         2056    .bss.xTimerQueue    timers.o
    0x20003c8c        -       0x00000004   Zero   RW         2057    .bss.xTimerTaskHandle  timers.o
    0x20003c90        -       0x00000004   Zero   RW         2006    .bss.xYieldPending  tasks.o
    0x20003c94   0x080080f0   0x00000004   PAD
    0x20003c98        -       0x00000200   Zero   RW            2    HEAP                startup_apm32f10x_hd.o
    0x20003e98        -       0x00000400   Zero   RW            1    STACK               startup_apm32f10x_hd.o


==============================================================================

Image component sizes


      Code (inc. data)   RO Data    RW Data    ZI Data      Debug   Object Name

       348          0          0          0          0      15627   apm32f10x_adc.o
       214          0          0          0          0       9071   apm32f10x_dma.o
       164          0          0          0          0       6067   apm32f10x_eint.o
       514          0          0          0          0      13129   apm32f10x_gpio.o
        12          0          0          0          0        772   apm32f10x_int.o
       120          0          0          0          0       5293   apm32f10x_misc.o
       264          0         24          0          0      16751   apm32f10x_rcm.o
       982          0          0          0          0      32151   apm32f10x_tmr.o
       190          0          0          0          0      12097   apm32f10x_usart.o
      1144          0          0          0       1032      20776   bsp_adc.o
       234          0          0          0          8       9312   bsp_irq.o
       518          0          0          0          4      15835   bsp_pwm.o
       418          0          0          4          0       6873   bsp_qc.o
       134          0          0          0          4       7888   bsp_timer.o
       636          0          0          0       1039      16482   bsp_uart.o
       236         32          0         56         16       3007   freertos_task.o
       568          0          0          0      12029       4894   heap_4.o
       150          0          0          0          0       2078   list.o
        14          0          0          0          0        375   main.o
       420         12          0          4          0       2693   port.o
       702         36          0          0          3       5294   qi_idconfig.o
      1026        452         37          0         16       6808   qi_negotiation.o
       686          4          0          0         26       4634   qi_ping.o
      1050         44         84          0         28       4891   qi_power_delivery.o
      1562        154        109          0         88      12238   qi_power_transfer.o
       464         66         70          0         24       4105   qi_response.o
      1036          0          0          0          0      16769   queue.o
       236          0          0          0          0       2437   ring_buffer.o
        64         26        324          0       1536        872   startup_apm32f10x_hd.o
       264          0          0          0          0       8149   system_apm32f10x.o
      2376          8          4          0        320      23660   tasks.o
       884         18          0          0         60      11683   timers.o
      1680        158         82          0         84      10605   wlc_app.o
       390          0          0          0         56       5948   wlc_lib.o
       990          6          0          0         80       7741   wlc_physical.o
       354          0          0          0          9       2216   wlc_power_bridge.o
       212          0          0          0        124       1982   wlc_timer.o

    ----------------------------------------------------------------------
     21476       1016        766         64      16628     331203   Object Totals
         0          0         32          0          0          0   (incl. Generated)
       220          0          0          0         42          0   (incl. Padding)

    ----------------------------------------------------------------------

      Code (inc. data)   RO Data    RW Data    ZI Data      Debug   Library Member Name

      1198         94        318          0        172       6981   qi_calibration.o
       402          0          6          0         88       3409   tomato_fsk.o
         8          0          0          0          0         68   __main.o
       392          4         17          0          0         92   __printf_flags_ss_wp.o
        14          0          0          0          0         68   __printf_wp.o
         0          0          0          0          0          0   __rtentry.o
        12          0          0          0          0          0   __rtentry2.o
         6          0          0          0          0          0   __rtentry4.o
        94          8          0          0          0          0   __scatter.o
        26          0          0          0          0          0   __scatter_copy.o
        28          0          0          0          0          0   __scatter_zi.o
        72          0          0          0          0         96   _c16rtomb.o
         6          0          0          0          0          0   _printf_a.o
         6          0          0          0          0          0   _printf_c.o
        44          0          0          0          0        108   _printf_char.o
        48          6          0          0          0         96   _printf_char_common.o
        40          0          0          0          0         68   _printf_charcount.o
         6          0          0          0          0          0   _printf_d.o
       120         16          0          0          0         92   _printf_dec.o
         6          0          0          0          0          0   _printf_e.o
         6          0          0          0          0          0   _printf_f.o
      1052          0          0          0          0        148   _printf_fp_dec.o
       764          8         38          0          0        100   _printf_fp_hex.o
       128         16          0          0          0         84   _printf_fp_infnan.o
         6          0          0          0          0          0   _printf_g.o
       148          4         40          0          0        160   _printf_hex_int_ll_ptr.o
         6          0          0          0          0          0   _printf_i.o
       178          0          0          0          0         88   _printf_intcommon.o
        10          0          0          0          0          0   _printf_l.o
         6          0          0          0          0          0   _printf_lc.o
        10          0          0          0          0          0   _printf_ll.o
         6          0          0          0          0          0   _printf_lld.o
         6          0          0          0          0          0   _printf_lli.o
         6          0          0          0          0          0   _printf_llo.o
         6          0          0          0          0          0   _printf_llu.o
         6          0          0          0          0          0   _printf_llx.o
       124         16          0          0          0         92   _printf_longlong_dec.o
         6          0          0          0          0          0   _printf_ls.o
         6          0          0          0          0          0   _printf_n.o
         6          0          0          0          0          0   _printf_o.o
       112          8          0          0          0        124   _printf_oct_int_ll.o
         6          0          0          0          0          0   _printf_p.o
        78          0          0          0          0        108   _printf_pad.o
         0          0          0          0          0          0   _printf_percent.o
         4          0          0          0          0          0   _printf_percent_end.o
         6          0          0          0          0          0   _printf_s.o
        82          0          0          0          0         80   _printf_str.o
        36          0          0          0          0         84   _printf_truncate.o
         6          0          0          0          0          0   _printf_u.o
        44          0          0          0          0        108   _printf_wchar.o
       188          6          8          0          0         92   _printf_wctomb.o
         6          0          0          0          0          0   _printf_x.o
        16          0          0          0          0         68   _snputc.o
       228          4        148          0          0         96   bigflt0.o
      1936        128          0          0          0        668   btod.o
        18          0          0          0          0         80   exit.o
         6          0          0          0          0        152   heapauxi.o
         0          0          0          0          0          0   indicate_semi.o
        44         10        272          0          0         76   lc_ctype_c.o
        44         10         28          0          0         76   lc_numeric_c.o
         2          0          0          0          0          0   libinit.o
        30          0          0          0          0          0   libinit2.o
         2          0          0          0          0          0   libshutdown.o
         2          0          0          0          0          0   libshutdown2.o
         8          4          0          0         96         68   libspace.o
       116          0          0          0          0         84   llsdiv.o
       138          0          0          0          0         80   lludiv10.o
       240          0          0          0          0        100   lludivv7m.o
        16          4          0          0          0         76   rt_ctype_table.o
         8          4          0          0          0         68   rt_locale_intlibspace.o
        68          0          0          0          0         68   rt_memclr.o
        78          0          0          0          0         80   rt_memclr_w.o
       138          0          0          0          0         68   rt_memcpy_v6.o
       100          0          0          0          0         80   rt_memcpy_w.o
         2          0          0          0          0          0   rtexit.o
        10          0          0          0          0          0   rtexit2.o
       128          0          0          0          0         68   strcmpv7m.o
        12          4          0          0          0         68   sys_exit.o
        74          0          0          0          0         80   sys_stackheap_outer.o
         2          0          0          0          0         68   use_no_semi.o
        60          4          0          0          0         80   vsnprintf.o
        94          4          0          0          0         92   dfix.o
        38          0          0          0          0         68   dflt_clz.o
       340         12          0          0          0        104   dmul.o
       156          4          0          0          0         92   dnaninf.o
        12          0          0          0          0         68   dretinf.o
         4          0          0          0          0         68   printf1.o
         4          0          0          0          0         68   printf2.o
         0          0          0          0          0          0   usenofp.o
        40          0          0          0          0         68   fpclassify.o

    ----------------------------------------------------------------------
      9820        378        878          0        356      15326   Library Totals
        24          0          3          0          0          0   (incl. Padding)

    ----------------------------------------------------------------------

      Code (inc. data)   RO Data    RW Data    ZI Data      Debug   Library Name

      1600         94        324          0        260      10390   Tomato_wlc.lib
      7508        264        551          0         96       4308   c_w.l
       648         20          0          0          0        560   fz_ws.l
        40          0          0          0          0         68   m_ws.l

    ----------------------------------------------------------------------
      9820        378        878          0        356      15326   Library Totals

    ----------------------------------------------------------------------

==============================================================================


      Code (inc. data)   RO Data    RW Data    ZI Data      Debug   

     31296       1394       1644         64      16984     343149   Grand Totals
     31296       1394       1644         64      16984     343149   ELF Image Totals
     31296       1394       1644         64          0          0   ROM Totals

==============================================================================

    Total RO  Size (Code + RO Data)                32940 (  32.17kB)
    Total RW  Size (RW Data + ZI Data)             17048 (  16.65kB)
    Total ROM Size (Code + RO Data + RW Data)      33004 (  32.23kB)

==============================================================================

