<html>
<body>
<pre>
<h1>µVision Build Log</h1>
<h2>Tool Versions:</h2>
IDE-Version: ¦ÌVision V5.43.1.0
Copyright (C) 2025 ARM Ltd and ARM Germany GmbH. All rights reserved.
License Information: 1 1, 1, LIC=CZLZX-H10Y8-JJ96S-LB4P9-HQE6Q-FY00J
 
Tool Versions:
Toolchain:       MDK-ARM Plus  Version: 5.43.0.0
Toolchain Path:  D:\Keil_v5\ARM\ARMCLANG\Bin
C Compiler:      ArmClang.exe V6.24
Assembler:       Armasm.exe V6.24
Linker/Locator:  ArmLink.exe V6.24
Library Manager: ArmAr.exe V6.24
Hex Converter:   FromElf.exe V6.24
CPU DLL:         SARMCM3.DLL V5.43.0.0
Dialog DLL:      DCM.DLL V1.17.5.0
Target DLL:      CMSIS_AGDI.dll V1.33.24.0
Dialog DLL:      TCM.DLL V1.56.6.0
 
<h2>Project:</h2>
D:\apm32_wlc_code\wlc_code\MDK-ARM\wlc_code.uvprojx
Project File Date:  05/27/2026

<h2>Output:</h2>
*** Using Compiler 'V6.24', folder: 'D:\Keil_v5\ARM\ARMCLANG\Bin'
Build target 'wlc_code'
compiling wlc_physical.c...
linking...
Program Size: Code=31296 RO-data=1644 RW-data=64 ZI-data=16984  
FromELF: creating hex file...
".\Objects\wlc_code.axf" - 0 Error(s), 0 Warning(s).

<h2>Software Packages used:</h2>

Package Vendor: Geehy
                https://www.geehy.com/uploads/tool/Geehy.APM32F1xx_DFP.1.1.0.pack
                Geehy::APM32F1xx_DFP@1.1.0
                Geehy Semiconductor APM32F1 Series Device Support, Drivers and Examples

<h2>Collection of Component include folders:</h2>
  D:/Keil_v5/ARM/Packs/Geehy/APM32F1xx_DFP/1.1.0/Device/Device/Geehy/APM32F10x/Include

<h2>Collection of Component Files used:</h2>
Build Time Elapsed:  00:00:01
</pre>
</body>
</html>
